[2021-10-13T20:15:47.884+0530][gc] Using G1
[2021-10-13T20:15:47.889+0530][gc,init] Version: 17+35-2724 (release)
[2021-10-13T20:15:47.889+0530][gc,init] CPUs: 16 total, 16 available
[2021-10-13T20:15:47.889+0530][gc,init] Memory: 32768M
[2021-10-13T20:15:47.889+0530][gc,init] Large Page Support: Disabled
[2021-10-13T20:15:47.889+0530][gc,init] NUMA Support: Disabled
[2021-10-13T20:15:47.889+0530][gc,init] Compressed Oops: Enabled (Zero based)
[2021-10-13T20:15:47.889+0530][gc,init] Heap Region Size: 1M
[2021-10-13T20:15:47.889+0530][gc,init] Heap Min Capacity: 1G
[2021-10-13T20:15:47.889+0530][gc,init] Heap Initial Capacity: 1G
[2021-10-13T20:15:47.889+0530][gc,init] Heap Max Capacity: 1G
[2021-10-13T20:15:47.889+0530][gc,init] Pre-touch: Disabled
[2021-10-13T20:15:47.889+0530][gc,init] Parallel Workers: 13
[2021-10-13T20:15:47.889+0530][gc,init] Concurrent Workers: 3
[2021-10-13T20:15:47.889+0530][gc,init] Concurrent Refinement Workers: 13
[2021-10-13T20:15:47.889+0530][gc,init] Periodic GC: Disabled
[2021-10-13T20:15:47.890+0530][gc,metaspace] CDS archive(s) mapped at: [0x0000000800000000-0x0000000800bd0000-0x0000000800bd0000), size 12386304, SharedBaseAddress: 0x0000000800000000, ArchiveRelocationMode: 0.
[2021-10-13T20:15:47.890+0530][gc,metaspace] Compressed class space mapped at: 0x0000000800c00000-0x0000000840c00000, reserved size: 1073741824
[2021-10-13T20:15:47.890+0530][gc,metaspace] Narrow klass base: 0x0000000800000000, Narrow klass shift: 0, Narrow klass range: 0x100000000
[2021-10-13T20:15:49.005+0530][gc,start    ] GC(0) Pause Young (Normal) (GCLocker Initiated GC)
[2021-10-13T20:15:49.006+0530][gc,task     ] GC(0) Using 13 workers of 13 for evacuation
[2021-10-13T20:15:49.010+0530][gc,phases   ] GC(0)   Pre Evacuate Collection Set: 0.1ms
[2021-10-13T20:15:49.010+0530][gc,phases   ] GC(0)   Merge Heap Roots: 0.3ms
[2021-10-13T20:15:49.010+0530][gc,phases   ] GC(0)   Evacuate Collection Set: 3.0ms
[2021-10-13T20:15:49.010+0530][gc,phases   ] GC(0)   Post Evacuate Collection Set: 0.4ms
[2021-10-13T20:15:49.010+0530][gc,phases   ] GC(0)   Other: 0.6ms
[2021-10-13T20:15:49.010+0530][gc,heap     ] GC(0) Eden regions: 51->0(44)
[2021-10-13T20:15:49.010+0530][gc,heap     ] GC(0) Survivor regions: 0->7(7)
[2021-10-13T20:15:49.010+0530][gc,heap     ] GC(0) Old regions: 0->1
[2021-10-13T20:15:49.010+0530][gc,heap     ] GC(0) Archive regions: 2->2
[2021-10-13T20:15:49.010+0530][gc,heap     ] GC(0) Humongous regions: 0->0
[2021-10-13T20:15:49.010+0530][gc,metaspace] GC(0) Metaspace: 18498K(18688K)->18498K(18688K) NonClass: 16280K(16384K)->16280K(16384K) Class: 2218K(2304K)->2218K(2304K)
[2021-10-13T20:15:49.010+0530][gc          ] GC(0) Pause Young (Normal) (GCLocker Initiated GC) 51M->7M(1024M) 4.643ms
[2021-10-13T20:15:49.010+0530][gc,cpu      ] GC(0) User=0.02s Sys=0.02s Real=0.01s
[2021-10-13T20:15:49.155+0530][gc,start    ] GC(1) Pause Young (Concurrent Start) (Metadata GC Threshold)
[2021-10-13T20:15:49.155+0530][gc,task     ] GC(1) Using 13 workers of 13 for evacuation
[2021-10-13T20:15:49.162+0530][gc,phases   ] GC(1)   Pre Evacuate Collection Set: 0.1ms
[2021-10-13T20:15:49.162+0530][gc,phases   ] GC(1)   Merge Heap Roots: 0.1ms
[2021-10-13T20:15:49.162+0530][gc,phases   ] GC(1)   Evacuate Collection Set: 5.7ms
[2021-10-13T20:15:49.162+0530][gc,phases   ] GC(1)   Post Evacuate Collection Set: 0.5ms
[2021-10-13T20:15:49.162+0530][gc,phases   ] GC(1)   Other: 0.3ms
[2021-10-13T20:15:49.162+0530][gc,heap     ] GC(1) Eden regions: 11->0(49)
[2021-10-13T20:15:49.162+0530][gc,heap     ] GC(1) Survivor regions: 7->2(7)
[2021-10-13T20:15:49.162+0530][gc,heap     ] GC(1) Old regions: 1->7
[2021-10-13T20:15:49.162+0530][gc,heap     ] GC(1) Archive regions: 2->2
[2021-10-13T20:15:49.162+0530][gc,heap     ] GC(1) Humongous regions: 129->129
[2021-10-13T20:15:49.162+0530][gc,metaspace] GC(1) Metaspace: 21358K(21504K)->21358K(21504K) NonClass: 18861K(18944K)->18861K(18944K) Class: 2496K(2560K)->2496K(2560K)
[2021-10-13T20:15:49.162+0530][gc          ] GC(1) Pause Young (Concurrent Start) (Metadata GC Threshold) 147M->138M(1024M) 6.913ms
[2021-10-13T20:15:49.162+0530][gc,cpu      ] GC(1) User=0.02s Sys=0.03s Real=0.01s
[2021-10-13T20:15:49.162+0530][gc          ] GC(2) Concurrent Mark Cycle
[2021-10-13T20:15:49.162+0530][gc,marking  ] GC(2) Concurrent Clear Claimed Marks
[2021-10-13T20:15:49.162+0530][gc,marking  ] GC(2) Concurrent Clear Claimed Marks 0.012ms
[2021-10-13T20:15:49.162+0530][gc,marking  ] GC(2) Concurrent Scan Root Regions
[2021-10-13T20:15:49.164+0530][gc,marking  ] GC(2) Concurrent Scan Root Regions 1.467ms
[2021-10-13T20:15:49.164+0530][gc,marking  ] GC(2) Concurrent Mark
[2021-10-13T20:15:49.164+0530][gc,marking  ] GC(2) Concurrent Mark From Roots
[2021-10-13T20:15:49.164+0530][gc,task     ] GC(2) Using 3 workers of 3 for marking
[2021-10-13T20:15:49.166+0530][gc,marking  ] GC(2) Concurrent Mark From Roots 1.677ms
[2021-10-13T20:15:49.166+0530][gc,marking  ] GC(2) Concurrent Preclean
[2021-10-13T20:15:49.166+0530][gc,marking  ] GC(2) Concurrent Preclean 0.028ms
[2021-10-13T20:15:49.166+0530][gc,start    ] GC(2) Pause Remark
[2021-10-13T20:15:49.167+0530][gc          ] GC(2) Pause Remark 138M->138M(1024M) 1.244ms
[2021-10-13T20:15:49.167+0530][gc,cpu      ] GC(2) User=0.01s Sys=0.01s Real=0.00s
[2021-10-13T20:15:49.167+0530][gc,marking  ] GC(2) Concurrent Mark 3.324ms
[2021-10-13T20:15:49.167+0530][gc,marking  ] GC(2) Concurrent Rebuild Remembered Sets
[2021-10-13T20:15:49.169+0530][gc,marking  ] GC(2) Concurrent Rebuild Remembered Sets 1.264ms
[2021-10-13T20:15:49.169+0530][gc,start    ] GC(2) Pause Cleanup
[2021-10-13T20:15:49.169+0530][gc          ] GC(2) Pause Cleanup 139M->139M(1024M) 0.178ms
[2021-10-13T20:15:49.169+0530][gc,cpu      ] GC(2) User=0.00s Sys=0.00s Real=0.00s
[2021-10-13T20:15:49.169+0530][gc,marking  ] GC(2) Concurrent Cleanup for Next Mark
[2021-10-13T20:15:49.173+0530][gc,marking  ] GC(2) Concurrent Cleanup for Next Mark 3.748ms
[2021-10-13T20:15:49.173+0530][gc          ] GC(2) Concurrent Mark Cycle 10.232ms
[2021-10-13T20:21:35.869+0530][gc,heap,exit] Heap
[2021-10-13T20:21:35.869+0530][gc,heap,exit]  garbage-first heap   total 1048576K, used 191410K [0x00000007c0000000, 0x0000000800000000)
[2021-10-13T20:21:35.869+0530][gc,heap,exit]   region size 1024K, 51 young (52224K), 2 survivors (2048K)
[2021-10-13T20:21:35.869+0530][gc,heap,exit]  Metaspace       used 31192K, committed 31488K, reserved 1081344K
[2021-10-13T20:21:35.869+0530][gc,heap,exit]   class space    used 3507K, committed 3648K, reserved 1048576K
