[2021-10-13T21:36:07.761+0530][gc] Using G1
[2021-10-13T21:36:07.766+0530][gc,init] Version: 17+35-2724 (release)
[2021-10-13T21:36:07.766+0530][gc,init] CPUs: 16 total, 16 available
[2021-10-13T21:36:07.766+0530][gc,init] Memory: 32768M
[2021-10-13T21:36:07.766+0530][gc,init] Large Page Support: Disabled
[2021-10-13T21:36:07.766+0530][gc,init] NUMA Support: Disabled
[2021-10-13T21:36:07.766+0530][gc,init] Compressed Oops: Enabled (Zero based)
[2021-10-13T21:36:07.766+0530][gc,init] Heap Region Size: 1M
[2021-10-13T21:36:07.766+0530][gc,init] Heap Min Capacity: 1G
[2021-10-13T21:36:07.766+0530][gc,init] Heap Initial Capacity: 1G
[2021-10-13T21:36:07.766+0530][gc,init] Heap Max Capacity: 1G
[2021-10-13T21:36:07.766+0530][gc,init] Pre-touch: Disabled
[2021-10-13T21:36:07.766+0530][gc,init] Parallel Workers: 13
[2021-10-13T21:36:07.766+0530][gc,init] Concurrent Workers: 3
[2021-10-13T21:36:07.766+0530][gc,init] Concurrent Refinement Workers: 13
[2021-10-13T21:36:07.766+0530][gc,init] Periodic GC: Disabled
[2021-10-13T21:36:07.766+0530][gc,metaspace] CDS archive(s) mapped at: [0x0000000800000000-0x0000000800bd0000-0x0000000800bd0000), size 12386304, SharedBaseAddress: 0x0000000800000000, ArchiveRelocationMode: 0.
[2021-10-13T21:36:07.766+0530][gc,metaspace] Compressed class space mapped at: 0x0000000800c00000-0x0000000840c00000, reserved size: 1073741824
[2021-10-13T21:36:07.766+0530][gc,metaspace] Narrow klass base: 0x0000000800000000, Narrow klass shift: 0, Narrow klass range: 0x100000000
[2021-10-13T21:36:08.785+0530][gc,start    ] GC(0) Pause Young (Normal) (GCLocker Initiated GC)
[2021-10-13T21:36:08.786+0530][gc,task     ] GC(0) Using 13 workers of 13 for evacuation
[2021-10-13T21:36:08.789+0530][gc,phases   ] GC(0)   Pre Evacuate Collection Set: 0.1ms
[2021-10-13T21:36:08.789+0530][gc,phases   ] GC(0)   Merge Heap Roots: 0.3ms
[2021-10-13T21:36:08.789+0530][gc,phases   ] GC(0)   Evacuate Collection Set: 2.4ms
[2021-10-13T21:36:08.789+0530][gc,phases   ] GC(0)   Post Evacuate Collection Set: 0.6ms
[2021-10-13T21:36:08.789+0530][gc,phases   ] GC(0)   Other: 0.5ms
[2021-10-13T21:36:08.789+0530][gc,heap     ] GC(0) Eden regions: 51->0(44)
[2021-10-13T21:36:08.789+0530][gc,heap     ] GC(0) Survivor regions: 0->7(7)
[2021-10-13T21:36:08.789+0530][gc,heap     ] GC(0) Old regions: 0->0
[2021-10-13T21:36:08.789+0530][gc,heap     ] GC(0) Archive regions: 2->2
[2021-10-13T21:36:08.789+0530][gc,heap     ] GC(0) Humongous regions: 0->0
[2021-10-13T21:36:08.789+0530][gc,metaspace] GC(0) Metaspace: 18488K(18688K)->18488K(18688K) NonClass: 16274K(16384K)->16274K(16384K) Class: 2214K(2304K)->2214K(2304K)
[2021-10-13T21:36:08.789+0530][gc          ] GC(0) Pause Young (Normal) (GCLocker Initiated GC) 51M->7M(1024M) 4.025ms
[2021-10-13T21:36:08.789+0530][gc,cpu      ] GC(0) User=0.02s Sys=0.02s Real=0.00s
[2021-10-13T21:36:08.933+0530][gc,start    ] GC(1) Pause Young (Concurrent Start) (Metadata GC Threshold)
[2021-10-13T21:36:08.933+0530][gc,task     ] GC(1) Using 13 workers of 13 for evacuation
[2021-10-13T21:36:08.938+0530][gc,phases   ] GC(1)   Pre Evacuate Collection Set: 0.1ms
[2021-10-13T21:36:08.938+0530][gc,phases   ] GC(1)   Merge Heap Roots: 0.1ms
[2021-10-13T21:36:08.938+0530][gc,phases   ] GC(1)   Evacuate Collection Set: 4.2ms
[2021-10-13T21:36:08.938+0530][gc,phases   ] GC(1)   Post Evacuate Collection Set: 0.5ms
[2021-10-13T21:36:08.938+0530][gc,phases   ] GC(1)   Other: 0.3ms
[2021-10-13T21:36:08.938+0530][gc,heap     ] GC(1) Eden regions: 12->0(49)
[2021-10-13T21:36:08.938+0530][gc,heap     ] GC(1) Survivor regions: 7->2(7)
[2021-10-13T21:36:08.938+0530][gc,heap     ] GC(1) Old regions: 0->7
[2021-10-13T21:36:08.938+0530][gc,heap     ] GC(1) Archive regions: 2->2
[2021-10-13T21:36:08.938+0530][gc,heap     ] GC(1) Humongous regions: 129->129
[2021-10-13T21:36:08.938+0530][gc,metaspace] GC(1) Metaspace: 21367K(21504K)->21367K(21504K) NonClass: 18871K(18944K)->18871K(18944K) Class: 2496K(2560K)->2496K(2560K)
[2021-10-13T21:36:08.938+0530][gc          ] GC(1) Pause Young (Concurrent Start) (Metadata GC Threshold) 148M->138M(1024M) 5.265ms
[2021-10-13T21:36:08.938+0530][gc,cpu      ] GC(1) User=0.02s Sys=0.03s Real=0.00s
[2021-10-13T21:36:08.938+0530][gc          ] GC(2) Concurrent Mark Cycle
[2021-10-13T21:36:08.938+0530][gc,marking  ] GC(2) Concurrent Clear Claimed Marks
[2021-10-13T21:36:08.938+0530][gc,marking  ] GC(2) Concurrent Clear Claimed Marks 0.011ms
[2021-10-13T21:36:08.938+0530][gc,marking  ] GC(2) Concurrent Scan Root Regions
[2021-10-13T21:36:08.939+0530][gc,marking  ] GC(2) Concurrent Scan Root Regions 1.370ms
[2021-10-13T21:36:08.940+0530][gc,marking  ] GC(2) Concurrent Mark
[2021-10-13T21:36:08.940+0530][gc,marking  ] GC(2) Concurrent Mark From Roots
[2021-10-13T21:36:08.940+0530][gc,task     ] GC(2) Using 3 workers of 3 for marking
[2021-10-13T21:36:08.941+0530][gc,marking  ] GC(2) Concurrent Mark From Roots 1.282ms
[2021-10-13T21:36:08.941+0530][gc,marking  ] GC(2) Concurrent Preclean
[2021-10-13T21:36:08.941+0530][gc,marking  ] GC(2) Concurrent Preclean 0.031ms
[2021-10-13T21:36:08.941+0530][gc,start    ] GC(2) Pause Remark
[2021-10-13T21:36:08.942+0530][gc          ] GC(2) Pause Remark 138M->138M(1024M) 1.138ms
[2021-10-13T21:36:08.942+0530][gc,cpu      ] GC(2) User=0.01s Sys=0.00s Real=0.00s
[2021-10-13T21:36:08.942+0530][gc,marking  ] GC(2) Concurrent Mark 2.643ms
[2021-10-13T21:36:08.942+0530][gc,marking  ] GC(2) Concurrent Rebuild Remembered Sets
[2021-10-13T21:36:08.943+0530][gc,marking  ] GC(2) Concurrent Rebuild Remembered Sets 1.197ms
[2021-10-13T21:36:08.944+0530][gc,start    ] GC(2) Pause Cleanup
[2021-10-13T21:36:08.944+0530][gc          ] GC(2) Pause Cleanup 139M->139M(1024M) 0.138ms
[2021-10-13T21:36:08.944+0530][gc,cpu      ] GC(2) User=0.00s Sys=0.00s Real=0.00s
[2021-10-13T21:36:08.944+0530][gc,marking  ] GC(2) Concurrent Cleanup for Next Mark
[2021-10-13T21:36:08.947+0530][gc,marking  ] GC(2) Concurrent Cleanup for Next Mark 2.952ms
[2021-10-13T21:36:08.947+0530][gc          ] GC(2) Concurrent Mark Cycle 8.701ms
[2021-10-13T21:36:19.847+0530][gc,heap,exit] Heap
[2021-10-13T21:36:19.847+0530][gc,heap,exit]  garbage-first heap   total 1048576K, used 187753K [0x00000007c0000000, 0x0000000800000000)
[2021-10-13T21:36:19.847+0530][gc,heap,exit]   region size 1024K, 47 young (48128K), 2 survivors (2048K)
[2021-10-13T21:36:19.847+0530][gc,heap,exit]  Metaspace       used 30989K, committed 31232K, reserved 1081344K
[2021-10-13T21:36:19.847+0530][gc,heap,exit]   class space    used 3490K, committed 3584K, reserved 1048576K
