[2021-10-13T21:36:31.526+0530][gc] Using G1
[2021-10-13T21:36:31.532+0530][gc,init] Version: 17+35-2724 (release)
[2021-10-13T21:36:31.532+0530][gc,init] CPUs: 16 total, 16 available
[2021-10-13T21:36:31.532+0530][gc,init] Memory: 32768M
[2021-10-13T21:36:31.532+0530][gc,init] Large Page Support: Disabled
[2021-10-13T21:36:31.532+0530][gc,init] NUMA Support: Disabled
[2021-10-13T21:36:31.532+0530][gc,init] Compressed Oops: Enabled (Zero based)
[2021-10-13T21:36:31.532+0530][gc,init] Heap Region Size: 1M
[2021-10-13T21:36:31.532+0530][gc,init] Heap Min Capacity: 1G
[2021-10-13T21:36:31.532+0530][gc,init] Heap Initial Capacity: 1G
[2021-10-13T21:36:31.532+0530][gc,init] Heap Max Capacity: 1G
[2021-10-13T21:36:31.532+0530][gc,init] Pre-touch: Disabled
[2021-10-13T21:36:31.532+0530][gc,init] Parallel Workers: 13
[2021-10-13T21:36:31.532+0530][gc,init] Concurrent Workers: 3
[2021-10-13T21:36:31.532+0530][gc,init] Concurrent Refinement Workers: 13
[2021-10-13T21:36:31.532+0530][gc,init] Periodic GC: Disabled
[2021-10-13T21:36:31.533+0530][gc,metaspace] CDS archive(s) mapped at: [0x0000000800000000-0x0000000800bd0000-0x0000000800bd0000), size 12386304, SharedBaseAddress: 0x0000000800000000, ArchiveRelocationMode: 0.
[2021-10-13T21:36:31.533+0530][gc,metaspace] Compressed class space mapped at: 0x0000000800c00000-0x0000000840c00000, reserved size: 1073741824
[2021-10-13T21:36:31.533+0530][gc,metaspace] Narrow klass base: 0x0000000800000000, Narrow klass shift: 0, Narrow klass range: 0x100000000
[2021-10-13T21:36:32.239+0530][gc,start    ] GC(0) Pause Young (Normal) (G1 Evacuation Pause)
[2021-10-13T21:36:32.239+0530][gc,task     ] GC(0) Using 13 workers of 13 for evacuation
[2021-10-13T21:36:32.243+0530][gc,phases   ] GC(0)   Pre Evacuate Collection Set: 0.1ms
[2021-10-13T21:36:32.243+0530][gc,phases   ] GC(0)   Merge Heap Roots: 0.1ms
[2021-10-13T21:36:32.243+0530][gc,phases   ] GC(0)   Evacuate Collection Set: 2.3ms
[2021-10-13T21:36:32.243+0530][gc,phases   ] GC(0)   Post Evacuate Collection Set: 0.5ms
[2021-10-13T21:36:32.243+0530][gc,phases   ] GC(0)   Other: 0.6ms
[2021-10-13T21:36:32.243+0530][gc,heap     ] GC(0) Eden regions: 51->0(44)
[2021-10-13T21:36:32.243+0530][gc,heap     ] GC(0) Survivor regions: 0->7(7)
[2021-10-13T21:36:32.243+0530][gc,heap     ] GC(0) Old regions: 0->0
[2021-10-13T21:36:32.243+0530][gc,heap     ] GC(0) Archive regions: 2->2
[2021-10-13T21:36:32.243+0530][gc,heap     ] GC(0) Humongous regions: 0->0
[2021-10-13T21:36:32.243+0530][gc,metaspace] GC(0) Metaspace: 18487K(18688K)->18487K(18688K) NonClass: 16291K(16384K)->16291K(16384K) Class: 2196K(2304K)->2196K(2304K)
[2021-10-13T21:36:32.243+0530][gc          ] GC(0) Pause Young (Normal) (G1 Evacuation Pause) 51M->7M(1024M) 3.777ms
[2021-10-13T21:36:32.243+0530][gc,cpu      ] GC(0) User=0.02s Sys=0.01s Real=0.01s
[2021-10-13T21:36:32.374+0530][gc,start    ] GC(1) Pause Young (Concurrent Start) (Metadata GC Threshold)
[2021-10-13T21:36:32.374+0530][gc,task     ] GC(1) Using 13 workers of 13 for evacuation
[2021-10-13T21:36:32.380+0530][gc,phases   ] GC(1)   Pre Evacuate Collection Set: 0.1ms
[2021-10-13T21:36:32.380+0530][gc,phases   ] GC(1)   Merge Heap Roots: 0.1ms
[2021-10-13T21:36:32.380+0530][gc,phases   ] GC(1)   Evacuate Collection Set: 5.0ms
[2021-10-13T21:36:32.380+0530][gc,phases   ] GC(1)   Post Evacuate Collection Set: 0.6ms
[2021-10-13T21:36:32.380+0530][gc,phases   ] GC(1)   Other: 0.3ms
[2021-10-13T21:36:32.380+0530][gc,heap     ] GC(1) Eden regions: 12->0(49)
[2021-10-13T21:36:32.380+0530][gc,heap     ] GC(1) Survivor regions: 7->2(7)
[2021-10-13T21:36:32.380+0530][gc,heap     ] GC(1) Old regions: 0->7
[2021-10-13T21:36:32.380+0530][gc,heap     ] GC(1) Archive regions: 2->2
[2021-10-13T21:36:32.380+0530][gc,heap     ] GC(1) Humongous regions: 129->129
[2021-10-13T21:36:32.380+0530][gc,metaspace] GC(1) Metaspace: 21352K(21504K)->21352K(21504K) NonClass: 18876K(18944K)->18876K(18944K) Class: 2475K(2560K)->2475K(2560K)
[2021-10-13T21:36:32.380+0530][gc          ] GC(1) Pause Young (Concurrent Start) (Metadata GC Threshold) 148M->138M(1024M) 6.098ms
[2021-10-13T21:36:32.380+0530][gc,cpu      ] GC(1) User=0.02s Sys=0.03s Real=0.01s
[2021-10-13T21:36:32.380+0530][gc          ] GC(2) Concurrent Mark Cycle
[2021-10-13T21:36:32.380+0530][gc,marking  ] GC(2) Concurrent Clear Claimed Marks
[2021-10-13T21:36:32.380+0530][gc,marking  ] GC(2) Concurrent Clear Claimed Marks 0.010ms
[2021-10-13T21:36:32.380+0530][gc,marking  ] GC(2) Concurrent Scan Root Regions
[2021-10-13T21:36:32.382+0530][gc,marking  ] GC(2) Concurrent Scan Root Regions 1.392ms
[2021-10-13T21:36:32.382+0530][gc,marking  ] GC(2) Concurrent Mark
[2021-10-13T21:36:32.382+0530][gc,marking  ] GC(2) Concurrent Mark From Roots
[2021-10-13T21:36:32.382+0530][gc,task     ] GC(2) Using 3 workers of 3 for marking
[2021-10-13T21:36:32.383+0530][gc,marking  ] GC(2) Concurrent Mark From Roots 1.036ms
[2021-10-13T21:36:32.383+0530][gc,marking  ] GC(2) Concurrent Preclean
[2021-10-13T21:36:32.383+0530][gc,marking  ] GC(2) Concurrent Preclean 0.028ms
[2021-10-13T21:36:32.383+0530][gc,start    ] GC(2) Pause Remark
[2021-10-13T21:36:32.384+0530][gc          ] GC(2) Pause Remark 138M->138M(1024M) 1.226ms
[2021-10-13T21:36:32.384+0530][gc,cpu      ] GC(2) User=0.01s Sys=0.00s Real=0.00s
[2021-10-13T21:36:32.384+0530][gc,marking  ] GC(2) Concurrent Mark 2.437ms
[2021-10-13T21:36:32.384+0530][gc,marking  ] GC(2) Concurrent Rebuild Remembered Sets
[2021-10-13T21:36:32.386+0530][gc,marking  ] GC(2) Concurrent Rebuild Remembered Sets 1.284ms
[2021-10-13T21:36:32.386+0530][gc,start    ] GC(2) Pause Cleanup
[2021-10-13T21:36:32.386+0530][gc          ] GC(2) Pause Cleanup 138M->138M(1024M) 0.200ms
[2021-10-13T21:36:32.386+0530][gc,cpu      ] GC(2) User=0.00s Sys=0.00s Real=0.00s
[2021-10-13T21:36:32.386+0530][gc,marking  ] GC(2) Concurrent Cleanup for Next Mark
[2021-10-13T21:36:32.389+0530][gc,marking  ] GC(2) Concurrent Cleanup for Next Mark 2.862ms
[2021-10-13T21:36:32.389+0530][gc          ] GC(2) Concurrent Mark Cycle 8.591ms
[2021-10-13T21:39:44.179+0530][gc,start    ] GC(3) Pause Young (Normal) (G1 Evacuation Pause)
[2021-10-13T21:39:44.179+0530][gc,task     ] GC(3) Using 13 workers of 13 for evacuation
[2021-10-13T21:39:44.182+0530][gc,phases   ] GC(3)   Pre Evacuate Collection Set: 0.1ms
[2021-10-13T21:39:44.182+0530][gc,phases   ] GC(3)   Merge Heap Roots: 0.1ms
[2021-10-13T21:39:44.182+0530][gc,phases   ] GC(3)   Evacuate Collection Set: 2.0ms
[2021-10-13T21:39:44.182+0530][gc,phases   ] GC(3)   Post Evacuate Collection Set: 0.4ms
[2021-10-13T21:39:44.182+0530][gc,phases   ] GC(3)   Other: 0.1ms
[2021-10-13T21:39:44.182+0530][gc,heap     ] GC(3) Eden regions: 49->0(45)
[2021-10-13T21:39:44.182+0530][gc,heap     ] GC(3) Survivor regions: 2->6(7)
[2021-10-13T21:39:44.182+0530][gc,heap     ] GC(3) Old regions: 7->7
[2021-10-13T21:39:44.182+0530][gc,heap     ] GC(3) Archive regions: 2->2
[2021-10-13T21:39:44.182+0530][gc,heap     ] GC(3) Humongous regions: 129->129
[2021-10-13T21:39:44.182+0530][gc,metaspace] GC(3) Metaspace: 32224K(32512K)->32224K(32512K) NonClass: 28542K(28736K)->28542K(28736K) Class: 3681K(3776K)->3681K(3776K)
[2021-10-13T21:39:44.182+0530][gc          ] GC(3) Pause Young (Normal) (G1 Evacuation Pause) 187M->142M(1024M) 2.820ms
[2021-10-13T21:39:44.182+0530][gc,cpu      ] GC(3) User=0.02s Sys=0.01s Real=0.01s
[2021-10-13T22:26:28.328+0530][gc,start    ] GC(4) Pause Young (Normal) (G1 Evacuation Pause)
[2021-10-13T22:26:28.328+0530][gc,task     ] GC(4) Using 13 workers of 13 for evacuation
[2021-10-13T22:26:28.332+0530][gc,phases   ] GC(4)   Pre Evacuate Collection Set: 0.1ms
[2021-10-13T22:26:28.332+0530][gc,phases   ] GC(4)   Merge Heap Roots: 0.1ms
[2021-10-13T22:26:28.332+0530][gc,phases   ] GC(4)   Evacuate Collection Set: 3.3ms
[2021-10-13T22:26:28.332+0530][gc,phases   ] GC(4)   Post Evacuate Collection Set: 0.5ms
[2021-10-13T22:26:28.332+0530][gc,phases   ] GC(4)   Other: 0.2ms
[2021-10-13T22:26:28.332+0530][gc,heap     ] GC(4) Eden regions: 45->0(48)
[2021-10-13T22:26:28.332+0530][gc,heap     ] GC(4) Survivor regions: 6->3(7)
[2021-10-13T22:26:28.332+0530][gc,heap     ] GC(4) Old regions: 7->12
[2021-10-13T22:26:28.332+0530][gc,heap     ] GC(4) Archive regions: 2->2
[2021-10-13T22:26:28.332+0530][gc,heap     ] GC(4) Humongous regions: 129->129
[2021-10-13T22:26:28.332+0530][gc,metaspace] GC(4) Metaspace: 34948K(35328K)->34948K(35328K) NonClass: 30954K(31168K)->30954K(31168K) Class: 3994K(4160K)->3994K(4160K)
[2021-10-13T22:26:28.332+0530][gc          ] GC(4) Pause Young (Normal) (G1 Evacuation Pause) 187M->144M(1024M) 4.365ms
[2021-10-13T22:26:28.332+0530][gc,cpu      ] GC(4) User=0.03s Sys=0.01s Real=0.01s
[2021-10-13T22:35:21.476+0530][gc,start    ] GC(5) Pause Young (Normal) (G1 Evacuation Pause)
[2021-10-13T22:35:21.477+0530][gc,task     ] GC(5) Using 13 workers of 13 for evacuation
[2021-10-13T22:35:21.480+0530][gc,phases   ] GC(5)   Pre Evacuate Collection Set: 0.2ms
[2021-10-13T22:35:21.480+0530][gc,phases   ] GC(5)   Merge Heap Roots: 0.2ms
[2021-10-13T22:35:21.480+0530][gc,phases   ] GC(5)   Evacuate Collection Set: 2.3ms
[2021-10-13T22:35:21.480+0530][gc,phases   ] GC(5)   Post Evacuate Collection Set: 0.5ms
[2021-10-13T22:35:21.480+0530][gc,phases   ] GC(5)   Other: 0.3ms
[2021-10-13T22:35:21.480+0530][gc,heap     ] GC(5) Eden regions: 48->0(48)
[2021-10-13T22:35:21.480+0530][gc,heap     ] GC(5) Survivor regions: 3->3(7)
[2021-10-13T22:35:21.480+0530][gc,heap     ] GC(5) Old regions: 12->12
[2021-10-13T22:35:21.480+0530][gc,heap     ] GC(5) Archive regions: 2->2
[2021-10-13T22:35:21.480+0530][gc,heap     ] GC(5) Humongous regions: 129->129
[2021-10-13T22:35:21.480+0530][gc,metaspace] GC(5) Metaspace: 35030K(35456K)->35030K(35456K) NonClass: 31034K(31296K)->31034K(31296K) Class: 3996K(4160K)->3996K(4160K)
[2021-10-13T22:35:21.480+0530][gc          ] GC(5) Pause Young (Normal) (G1 Evacuation Pause) 192M->144M(1024M) 3.736ms
[2021-10-13T22:35:21.480+0530][gc,cpu      ] GC(5) User=0.03s Sys=0.00s Real=0.01s
[2021-10-13T22:40:11.349+0530][gc,start    ] GC(6) Pause Young (Concurrent Start) (Metadata GC Threshold)
[2021-10-13T22:40:11.349+0530][gc,task     ] GC(6) Using 13 workers of 13 for evacuation
[2021-10-13T22:40:11.352+0530][gc,phases   ] GC(6)   Pre Evacuate Collection Set: 0.1ms
[2021-10-13T22:40:11.352+0530][gc,phases   ] GC(6)   Merge Heap Roots: 0.1ms
[2021-10-13T22:40:11.352+0530][gc,phases   ] GC(6)   Evacuate Collection Set: 1.7ms
[2021-10-13T22:40:11.352+0530][gc,phases   ] GC(6)   Post Evacuate Collection Set: 0.5ms
[2021-10-13T22:40:11.352+0530][gc,phases   ] GC(6)   Other: 0.2ms
[2021-10-13T22:40:11.352+0530][gc,heap     ] GC(6) Eden regions: 38->0(47)
[2021-10-13T22:40:11.352+0530][gc,heap     ] GC(6) Survivor regions: 3->4(7)
[2021-10-13T22:40:11.352+0530][gc,heap     ] GC(6) Old regions: 12->12
[2021-10-13T22:40:11.352+0530][gc,heap     ] GC(6) Archive regions: 2->2
[2021-10-13T22:40:11.352+0530][gc,heap     ] GC(6) Humongous regions: 129->129
[2021-10-13T22:40:11.352+0530][gc,metaspace] GC(6) Metaspace: 35705K(36096K)->35705K(36096K) NonClass: 31649K(31872K)->31649K(31872K) Class: 4055K(4224K)->4055K(4224K)
[2021-10-13T22:40:11.352+0530][gc          ] GC(6) Pause Young (Concurrent Start) (Metadata GC Threshold) 182M->145M(1024M) 2.750ms
[2021-10-13T22:40:11.352+0530][gc,cpu      ] GC(6) User=0.02s Sys=0.00s Real=0.01s
[2021-10-13T22:40:11.352+0530][gc          ] GC(7) Concurrent Mark Cycle
[2021-10-13T22:40:11.352+0530][gc,marking  ] GC(7) Concurrent Clear Claimed Marks
[2021-10-13T22:40:11.352+0530][gc,marking  ] GC(7) Concurrent Clear Claimed Marks 0.031ms
[2021-10-13T22:40:11.352+0530][gc,marking  ] GC(7) Concurrent Scan Root Regions
[2021-10-13T22:40:11.354+0530][gc,marking  ] GC(7) Concurrent Scan Root Regions 1.608ms
[2021-10-13T22:40:11.354+0530][gc,marking  ] GC(7) Concurrent Mark
[2021-10-13T22:40:11.354+0530][gc,marking  ] GC(7) Concurrent Mark From Roots
[2021-10-13T22:40:11.354+0530][gc,task     ] GC(7) Using 3 workers of 3 for marking
[2021-10-13T22:40:11.361+0530][gc,marking  ] GC(7) Concurrent Mark From Roots 7.014ms
[2021-10-13T22:40:11.361+0530][gc,marking  ] GC(7) Concurrent Preclean
[2021-10-13T22:40:11.361+0530][gc,marking  ] GC(7) Concurrent Preclean 0.279ms
[2021-10-13T22:40:11.361+0530][gc,start    ] GC(7) Pause Remark
[2021-10-13T22:40:11.364+0530][gc          ] GC(7) Pause Remark 145M->145M(1024M) 3.156ms
[2021-10-13T22:40:11.364+0530][gc,cpu      ] GC(7) User=0.03s Sys=0.00s Real=0.00s
[2021-10-13T22:40:11.364+0530][gc,marking  ] GC(7) Concurrent Mark 10.722ms
[2021-10-13T22:40:11.364+0530][gc,marking  ] GC(7) Concurrent Rebuild Remembered Sets
[2021-10-13T22:40:11.368+0530][gc,marking  ] GC(7) Concurrent Rebuild Remembered Sets 3.390ms
[2021-10-13T22:40:11.368+0530][gc,start    ] GC(7) Pause Cleanup
[2021-10-13T22:40:11.368+0530][gc          ] GC(7) Pause Cleanup 145M->145M(1024M) 0.119ms
[2021-10-13T22:40:11.368+0530][gc,cpu      ] GC(7) User=0.00s Sys=0.00s Real=0.00s
[2021-10-13T22:40:11.368+0530][gc,marking  ] GC(7) Concurrent Cleanup for Next Mark
[2021-10-13T22:40:11.372+0530][gc,marking  ] GC(7) Concurrent Cleanup for Next Mark 3.919ms
[2021-10-13T22:40:11.372+0530][gc          ] GC(7) Concurrent Mark Cycle 20.036ms
[2021-10-13T22:46:35.296+0530][gc,start    ] GC(8) Pause Young (Normal) (G1 Evacuation Pause)
[2021-10-13T22:46:35.297+0530][gc,task     ] GC(8) Using 13 workers of 13 for evacuation
[2021-10-13T22:46:35.299+0530][gc,phases   ] GC(8)   Pre Evacuate Collection Set: 0.1ms
[2021-10-13T22:46:35.299+0530][gc,phases   ] GC(8)   Merge Heap Roots: 0.1ms
[2021-10-13T22:46:35.299+0530][gc,phases   ] GC(8)   Evacuate Collection Set: 1.8ms
[2021-10-13T22:46:35.299+0530][gc,phases   ] GC(8)   Post Evacuate Collection Set: 0.5ms
[2021-10-13T22:46:35.299+0530][gc,phases   ] GC(8)   Other: 0.2ms
[2021-10-13T22:46:35.299+0530][gc,heap     ] GC(8) Eden regions: 47->0(56)
[2021-10-13T22:46:35.299+0530][gc,heap     ] GC(8) Survivor regions: 4->4(7)
[2021-10-13T22:46:35.299+0530][gc,heap     ] GC(8) Old regions: 12->12
[2021-10-13T22:46:35.299+0530][gc,heap     ] GC(8) Archive regions: 2->2
[2021-10-13T22:46:35.299+0530][gc,heap     ] GC(8) Humongous regions: 129->129
[2021-10-13T22:46:35.299+0530][gc,metaspace] GC(8) Metaspace: 35772K(36160K)->35772K(36160K) NonClass: 31721K(31936K)->31721K(31936K) Class: 4051K(4224K)->4051K(4224K)
[2021-10-13T22:46:35.299+0530][gc          ] GC(8) Pause Young (Normal) (G1 Evacuation Pause) 192M->144M(1024M) 2.888ms
[2021-10-13T22:46:35.299+0530][gc,cpu      ] GC(8) User=0.02s Sys=0.01s Real=0.00s
[2021-10-13T22:54:19.213+0530][gc,start    ] GC(9) Pause Young (Normal) (G1 Evacuation Pause)
[2021-10-13T22:54:19.213+0530][gc,task     ] GC(9) Using 13 workers of 13 for evacuation
[2021-10-13T22:54:19.217+0530][gc,phases   ] GC(9)   Pre Evacuate Collection Set: 0.2ms
[2021-10-13T22:54:19.218+0530][gc,phases   ] GC(9)   Merge Heap Roots: 0.1ms
[2021-10-13T22:54:19.218+0530][gc,phases   ] GC(9)   Evacuate Collection Set: 3.3ms
[2021-10-13T22:54:19.218+0530][gc,phases   ] GC(9)   Post Evacuate Collection Set: 0.7ms
[2021-10-13T22:54:19.218+0530][gc,phases   ] GC(9)   Other: 0.2ms
[2021-10-13T22:54:19.218+0530][gc,heap     ] GC(9) Eden regions: 56->0(128)
[2021-10-13T22:54:19.218+0530][gc,heap     ] GC(9) Survivor regions: 4->5(8)
[2021-10-13T22:54:19.218+0530][gc,heap     ] GC(9) Old regions: 12->12
[2021-10-13T22:54:19.218+0530][gc,heap     ] GC(9) Archive regions: 2->2
[2021-10-13T22:54:19.218+0530][gc,heap     ] GC(9) Humongous regions: 129->129
[2021-10-13T22:54:19.218+0530][gc,metaspace] GC(9) Metaspace: 36239K(36672K)->36239K(36672K) NonClass: 32121K(32384K)->32121K(32384K) Class: 4118K(4288K)->4118K(4288K)
[2021-10-13T22:54:19.218+0530][gc          ] GC(9) Pause Young (Normal) (G1 Evacuation Pause) 200M->146M(1024M) 4.561ms
[2021-10-13T22:54:19.218+0530][gc,cpu      ] GC(9) User=0.03s Sys=0.01s Real=0.00s
[2021-10-13T23:12:49.729+0530][gc,start    ] GC(10) Pause Young (Normal) (G1 Evacuation Pause)
[2021-10-13T23:12:49.730+0530][gc,task     ] GC(10) Using 13 workers of 13 for evacuation
[2021-10-13T23:12:49.733+0530][gc,phases   ] GC(10)   Pre Evacuate Collection Set: 0.1ms
[2021-10-13T23:12:49.733+0530][gc,phases   ] GC(10)   Merge Heap Roots: 0.1ms
[2021-10-13T23:12:49.733+0530][gc,phases   ] GC(10)   Evacuate Collection Set: 2.3ms
[2021-10-13T23:12:49.733+0530][gc,phases   ] GC(10)   Post Evacuate Collection Set: 0.5ms
[2021-10-13T23:12:49.733+0530][gc,phases   ] GC(10)   Other: 0.2ms
[2021-10-13T23:12:49.733+0530][gc,heap     ] GC(10) Eden regions: 128->0(604)
[2021-10-13T23:12:49.733+0530][gc,heap     ] GC(10) Survivor regions: 5->4(17)
[2021-10-13T23:12:49.733+0530][gc,heap     ] GC(10) Old regions: 12->12
[2021-10-13T23:12:49.733+0530][gc,heap     ] GC(10) Archive regions: 2->2
[2021-10-13T23:12:49.733+0530][gc,heap     ] GC(10) Humongous regions: 129->129
[2021-10-13T23:12:49.733+0530][gc,metaspace] GC(10) Metaspace: 36333K(36736K)->36333K(36736K) NonClass: 32214K(32448K)->32214K(32448K) Class: 4118K(4288K)->4118K(4288K)
[2021-10-13T23:12:49.733+0530][gc          ] GC(10) Pause Young (Normal) (G1 Evacuation Pause) 274M->145M(1024M) 3.420ms
[2021-10-13T23:12:49.733+0530][gc,cpu      ] GC(10) User=0.02s Sys=0.01s Real=0.01s
[2021-10-14T08:14:17.035+0530][gc,start    ] GC(11) Pause Young (Normal) (G1 Evacuation Pause)
[2021-10-14T08:14:17.036+0530][gc,task     ] GC(11) Using 13 workers of 13 for evacuation
[2021-10-14T08:14:17.040+0530][gc,phases   ] GC(11)   Pre Evacuate Collection Set: 0.1ms
[2021-10-14T08:14:17.040+0530][gc,phases   ] GC(11)   Merge Heap Roots: 0.1ms
[2021-10-14T08:14:17.040+0530][gc,phases   ] GC(11)   Evacuate Collection Set: 2.1ms
[2021-10-14T08:14:17.040+0530][gc,phases   ] GC(11)   Post Evacuate Collection Set: 0.7ms
[2021-10-14T08:14:17.040+0530][gc,phases   ] GC(11)   Other: 1.0ms
[2021-10-14T08:14:17.040+0530][gc,heap     ] GC(11) Eden regions: 604->0(610)
[2021-10-14T08:14:17.040+0530][gc,heap     ] GC(11) Survivor regions: 4->4(76)
[2021-10-14T08:14:17.040+0530][gc,heap     ] GC(11) Old regions: 12->12
[2021-10-14T08:14:17.040+0530][gc,heap     ] GC(11) Archive regions: 2->2
[2021-10-14T08:14:17.040+0530][gc,heap     ] GC(11) Humongous regions: 129->129
[2021-10-14T08:14:17.040+0530][gc,metaspace] GC(11) Metaspace: 36504K(36928K)->36504K(36928K) NonClass: 32377K(32640K)->32377K(32640K) Class: 4126K(4288K)->4126K(4288K)
[2021-10-14T08:14:17.040+0530][gc          ] GC(11) Pause Young (Normal) (G1 Evacuation Pause) 749M->145M(1024M) 4.255ms
[2021-10-14T08:14:17.040+0530][gc,cpu      ] GC(11) User=0.02s Sys=0.01s Real=0.01s
[2021-10-14T10:29:00.946+0530][gc,start    ] GC(12) Pause Young (Normal) (G1 Evacuation Pause)
[2021-10-14T10:29:00.947+0530][gc,task     ] GC(12) Using 13 workers of 13 for evacuation
[2021-10-14T10:29:00.952+0530][gc,phases   ] GC(12)   Pre Evacuate Collection Set: 0.2ms
[2021-10-14T10:29:00.952+0530][gc,phases   ] GC(12)   Merge Heap Roots: 0.2ms
[2021-10-14T10:29:00.952+0530][gc,phases   ] GC(12)   Evacuate Collection Set: 3.0ms
[2021-10-14T10:29:00.952+0530][gc,phases   ] GC(12)   Post Evacuate Collection Set: 0.7ms
[2021-10-14T10:29:00.952+0530][gc,phases   ] GC(12)   Other: 1.0ms
[2021-10-14T10:29:00.952+0530][gc,heap     ] GC(12) Eden regions: 610->0(609)
[2021-10-14T10:29:00.952+0530][gc,heap     ] GC(12) Survivor regions: 4->5(77)
[2021-10-14T10:29:00.952+0530][gc,heap     ] GC(12) Old regions: 12->12
[2021-10-14T10:29:00.952+0530][gc,heap     ] GC(12) Archive regions: 2->2
[2021-10-14T10:29:00.952+0530][gc,heap     ] GC(12) Humongous regions: 129->129
[2021-10-14T10:29:00.952+0530][gc,metaspace] GC(12) Metaspace: 36603K(36992K)->36603K(36992K) NonClass: 32476K(32704K)->32476K(32704K) Class: 4126K(4288K)->4126K(4288K)
[2021-10-14T10:29:00.952+0530][gc          ] GC(12) Pause Young (Normal) (G1 Evacuation Pause) 755M->146M(1024M) 5.255ms
[2021-10-14T10:29:00.952+0530][gc,cpu      ] GC(12) User=0.03s Sys=0.01s Real=0.01s
[2021-10-14T12:12:02.155+0530][gc,start    ] GC(13) Pause Young (Normal) (G1 Evacuation Pause)
[2021-10-14T12:12:02.156+0530][gc,task     ] GC(13) Using 13 workers of 13 for evacuation
[2021-10-14T12:12:02.161+0530][gc,phases   ] GC(13)   Pre Evacuate Collection Set: 0.1ms
[2021-10-14T12:12:02.161+0530][gc,phases   ] GC(13)   Merge Heap Roots: 0.1ms
[2021-10-14T12:12:02.161+0530][gc,phases   ] GC(13)   Evacuate Collection Set: 4.2ms
[2021-10-14T12:12:02.161+0530][gc,phases   ] GC(13)   Post Evacuate Collection Set: 0.5ms
[2021-10-14T12:12:02.161+0530][gc,phases   ] GC(13)   Other: 0.9ms
[2021-10-14T12:12:02.161+0530][gc,heap     ] GC(13) Eden regions: 609->0(609)
[2021-10-14T12:12:02.161+0530][gc,heap     ] GC(13) Survivor regions: 5->5(77)
[2021-10-14T12:12:02.161+0530][gc,heap     ] GC(13) Old regions: 12->12
[2021-10-14T12:12:02.161+0530][gc,heap     ] GC(13) Archive regions: 2->2
[2021-10-14T12:12:02.161+0530][gc,heap     ] GC(13) Humongous regions: 129->129
[2021-10-14T12:12:02.161+0530][gc,metaspace] GC(13) Metaspace: 36660K(37056K)->36660K(37056K) NonClass: 32528K(32768K)->32528K(32768K) Class: 4131K(4288K)->4131K(4288K)
[2021-10-14T12:12:02.161+0530][gc          ] GC(13) Pause Young (Normal) (G1 Evacuation Pause) 755M->146M(1024M) 5.977ms
[2021-10-14T12:12:02.161+0530][gc,cpu      ] GC(13) User=0.02s Sys=0.02s Real=0.01s
[2021-10-14T15:09:58.644+0530][gc,start    ] GC(14) Pause Young (Normal) (G1 Evacuation Pause)
[2021-10-14T15:09:58.644+0530][gc,task     ] GC(14) Using 13 workers of 13 for evacuation
[2021-10-14T15:09:58.649+0530][gc,phases   ] GC(14)   Pre Evacuate Collection Set: 0.2ms
[2021-10-14T15:09:58.649+0530][gc,phases   ] GC(14)   Merge Heap Roots: 0.2ms
[2021-10-14T15:09:58.649+0530][gc,phases   ] GC(14)   Evacuate Collection Set: 4.1ms
[2021-10-14T15:09:58.649+0530][gc,phases   ] GC(14)   Post Evacuate Collection Set: 0.7ms
[2021-10-14T15:09:58.649+0530][gc,phases   ] GC(14)   Other: 0.5ms
[2021-10-14T15:09:58.649+0530][gc,heap     ] GC(14) Eden regions: 609->0(610)
[2021-10-14T15:09:58.649+0530][gc,heap     ] GC(14) Survivor regions: 5->4(77)
[2021-10-14T15:09:58.649+0530][gc,heap     ] GC(14) Old regions: 12->12
[2021-10-14T15:09:58.649+0530][gc,heap     ] GC(14) Archive regions: 2->2
[2021-10-14T15:09:58.649+0530][gc,heap     ] GC(14) Humongous regions: 129->129
[2021-10-14T15:09:58.649+0530][gc,metaspace] GC(14) Metaspace: 36725K(37056K)->36725K(37056K) NonClass: 32593K(32768K)->32593K(32768K) Class: 4131K(4288K)->4131K(4288K)
[2021-10-14T15:09:58.649+0530][gc          ] GC(14) Pause Young (Normal) (G1 Evacuation Pause) 755M->145M(1024M) 5.727ms
[2021-10-14T15:09:58.649+0530][gc,cpu      ] GC(14) User=0.03s Sys=0.01s Real=0.00s
[2021-10-14T16:47:17.768+0530][gc,start    ] GC(15) Pause Young (Normal) (G1 Evacuation Pause)
[2021-10-14T16:47:17.769+0530][gc,task     ] GC(15) Using 13 workers of 13 for evacuation
[2021-10-14T16:47:17.772+0530][gc,phases   ] GC(15)   Pre Evacuate Collection Set: 0.1ms
[2021-10-14T16:47:17.772+0530][gc,phases   ] GC(15)   Merge Heap Roots: 0.1ms
[2021-10-14T16:47:17.772+0530][gc,phases   ] GC(15)   Evacuate Collection Set: 2.0ms
[2021-10-14T16:47:17.772+0530][gc,phases   ] GC(15)   Post Evacuate Collection Set: 0.7ms
[2021-10-14T16:47:17.772+0530][gc,phases   ] GC(15)   Other: 1.1ms
[2021-10-14T16:47:17.772+0530][gc,heap     ] GC(15) Eden regions: 610->0(610)
[2021-10-14T16:47:17.772+0530][gc,heap     ] GC(15) Survivor regions: 4->4(77)
[2021-10-14T16:47:17.772+0530][gc,heap     ] GC(15) Old regions: 12->12
[2021-10-14T16:47:17.772+0530][gc,heap     ] GC(15) Archive regions: 2->2
[2021-10-14T16:47:17.772+0530][gc,heap     ] GC(15) Humongous regions: 129->129
[2021-10-14T16:47:17.773+0530][gc,metaspace] GC(15) Metaspace: 36775K(37184K)->36775K(37184K) NonClass: 32642K(32896K)->32642K(32896K) Class: 4132K(4288K)->4132K(4288K)
[2021-10-14T16:47:17.773+0530][gc          ] GC(15) Pause Young (Normal) (G1 Evacuation Pause) 755M->145M(1024M) 4.143ms
[2021-10-14T16:47:17.773+0530][gc,cpu      ] GC(15) User=0.03s Sys=0.00s Real=0.01s
[2021-10-14T18:32:50.799+0530][gc,start    ] GC(16) Pause Young (Normal) (G1 Evacuation Pause)
[2021-10-14T18:32:50.800+0530][gc,task     ] GC(16) Using 13 workers of 13 for evacuation
[2021-10-14T18:32:50.805+0530][gc,phases   ] GC(16)   Pre Evacuate Collection Set: 0.2ms
[2021-10-14T18:32:50.805+0530][gc,phases   ] GC(16)   Merge Heap Roots: 0.3ms
[2021-10-14T18:32:50.805+0530][gc,phases   ] GC(16)   Evacuate Collection Set: 3.6ms
[2021-10-14T18:32:50.805+0530][gc,phases   ] GC(16)   Post Evacuate Collection Set: 0.8ms
[2021-10-14T18:32:50.805+0530][gc,phases   ] GC(16)   Other: 1.3ms
[2021-10-14T18:32:50.805+0530][gc,heap     ] GC(16) Eden regions: 610->0(609)
[2021-10-14T18:32:50.805+0530][gc,heap     ] GC(16) Survivor regions: 4->5(77)
[2021-10-14T18:32:50.805+0530][gc,heap     ] GC(16) Old regions: 12->12
[2021-10-14T18:32:50.805+0530][gc,heap     ] GC(16) Archive regions: 2->2
[2021-10-14T18:32:50.805+0530][gc,heap     ] GC(16) Humongous regions: 129->129
[2021-10-14T18:32:50.805+0530][gc,metaspace] GC(16) Metaspace: 36849K(37248K)->36849K(37248K) NonClass: 32716K(32960K)->32716K(32960K) Class: 4132K(4288K)->4132K(4288K)
[2021-10-14T18:32:50.805+0530][gc          ] GC(16) Pause Young (Normal) (G1 Evacuation Pause) 755M->146M(1024M) 6.420ms
[2021-10-14T18:32:50.805+0530][gc,cpu      ] GC(16) User=0.05s Sys=0.00s Real=0.01s
[2021-10-14T20:51:55.388+0530][gc,start    ] GC(17) Pause Young (Normal) (G1 Evacuation Pause)
[2021-10-14T20:51:55.388+0530][gc,task     ] GC(17) Using 13 workers of 13 for evacuation
[2021-10-14T20:51:55.392+0530][gc,phases   ] GC(17)   Pre Evacuate Collection Set: 0.1ms
[2021-10-14T20:51:55.392+0530][gc,phases   ] GC(17)   Merge Heap Roots: 0.2ms
[2021-10-14T20:51:55.392+0530][gc,phases   ] GC(17)   Evacuate Collection Set: 2.3ms
[2021-10-14T20:51:55.392+0530][gc,phases   ] GC(17)   Post Evacuate Collection Set: 0.7ms
[2021-10-14T20:51:55.392+0530][gc,phases   ] GC(17)   Other: 0.2ms
[2021-10-14T20:51:55.392+0530][gc,heap     ] GC(17) Eden regions: 609->0(609)
[2021-10-14T20:51:55.392+0530][gc,heap     ] GC(17) Survivor regions: 5->5(77)
[2021-10-14T20:51:55.392+0530][gc,heap     ] GC(17) Old regions: 12->12
[2021-10-14T20:51:55.392+0530][gc,heap     ] GC(17) Archive regions: 2->2
[2021-10-14T20:51:55.392+0530][gc,heap     ] GC(17) Humongous regions: 129->129
[2021-10-14T20:51:55.392+0530][gc,metaspace] GC(17) Metaspace: 36885K(37248K)->36885K(37248K) NonClass: 32751K(32960K)->32751K(32960K) Class: 4134K(4288K)->4134K(4288K)
[2021-10-14T20:51:55.392+0530][gc          ] GC(17) Pause Young (Normal) (G1 Evacuation Pause) 755M->146M(1024M) 3.663ms
[2021-10-14T20:51:55.392+0530][gc,cpu      ] GC(17) User=0.03s Sys=0.00s Real=0.01s
[2021-10-14T23:10:28.484+0530][gc,start    ] GC(18) Pause Young (Normal) (G1 Evacuation Pause)
[2021-10-14T23:10:28.485+0530][gc,task     ] GC(18) Using 13 workers of 13 for evacuation
[2021-10-14T23:10:28.489+0530][gc,phases   ] GC(18)   Pre Evacuate Collection Set: 0.1ms
[2021-10-14T23:10:28.490+0530][gc,phases   ] GC(18)   Merge Heap Roots: 0.2ms
[2021-10-14T23:10:28.490+0530][gc,phases   ] GC(18)   Evacuate Collection Set: 3.1ms
[2021-10-14T23:10:28.490+0530][gc,phases   ] GC(18)   Post Evacuate Collection Set: 1.2ms
[2021-10-14T23:10:28.490+0530][gc,phases   ] GC(18)   Other: 0.8ms
[2021-10-14T23:10:28.490+0530][gc,heap     ] GC(18) Eden regions: 609->0(609)
[2021-10-14T23:10:28.490+0530][gc,heap     ] GC(18) Survivor regions: 5->5(77)
[2021-10-14T23:10:28.490+0530][gc,heap     ] GC(18) Old regions: 12->12
[2021-10-14T23:10:28.490+0530][gc,heap     ] GC(18) Archive regions: 2->2
[2021-10-14T23:10:28.490+0530][gc,heap     ] GC(18) Humongous regions: 129->129
[2021-10-14T23:10:28.490+0530][gc,metaspace] GC(18) Metaspace: 36887K(37248K)->36887K(37248K) NonClass: 32753K(32960K)->32753K(32960K) Class: 4134K(4288K)->4134K(4288K)
[2021-10-14T23:10:28.490+0530][gc          ] GC(18) Pause Young (Normal) (G1 Evacuation Pause) 755M->146M(1024M) 5.807ms
[2021-10-14T23:10:28.490+0530][gc,cpu      ] GC(18) User=0.04s Sys=0.01s Real=0.01s
[2021-10-18T19:52:48.137+0530][gc,start    ] GC(19) Pause Young (Normal) (G1 Evacuation Pause)
[2021-10-18T19:52:48.138+0530][gc,task     ] GC(19) Using 13 workers of 13 for evacuation
[2021-10-18T19:52:48.162+0530][gc,mmu      ] GC(19) MMU target violated: 21.0ms (20.0ms/21.0ms)
[2021-10-18T19:52:48.163+0530][gc,phases   ] GC(19)   Pre Evacuate Collection Set: 1.7ms
[2021-10-18T19:52:48.163+0530][gc,phases   ] GC(19)   Merge Heap Roots: 1.7ms
[2021-10-18T19:52:48.163+0530][gc,phases   ] GC(19)   Evacuate Collection Set: 14.8ms
[2021-10-18T19:52:48.163+0530][gc,phases   ] GC(19)   Post Evacuate Collection Set: 3.5ms
[2021-10-18T19:52:48.163+0530][gc,phases   ] GC(19)   Other: 6.7ms
[2021-10-18T19:52:48.163+0530][gc,heap     ] GC(19) Eden regions: 609->0(609)
[2021-10-18T19:52:48.163+0530][gc,heap     ] GC(19) Survivor regions: 5->5(77)
[2021-10-18T19:52:48.163+0530][gc,heap     ] GC(19) Old regions: 12->12
[2021-10-18T19:52:48.163+0530][gc,heap     ] GC(19) Archive regions: 2->2
[2021-10-18T19:52:48.163+0530][gc,heap     ] GC(19) Humongous regions: 129->129
[2021-10-18T19:52:48.164+0530][gc,metaspace] GC(19) Metaspace: 37660K(38080K)->37660K(38080K) NonClass: 33413K(33664K)->33413K(33664K) Class: 4246K(4416K)->4246K(4416K)
[2021-10-18T19:52:48.164+0530][gc          ] GC(19) Pause Young (Normal) (G1 Evacuation Pause) 755M->146M(1024M) 28.111ms
[2021-10-18T19:52:48.164+0530][gc,cpu      ] GC(19) User=0.03s Sys=0.10s Real=0.03s
[2021-10-19T08:34:22.103+0530][gc,start    ] GC(20) Pause Young (Normal) (G1 Evacuation Pause)
[2021-10-19T08:34:22.104+0530][gc,task     ] GC(20) Using 13 workers of 13 for evacuation
[2021-10-19T08:34:22.108+0530][gc,phases   ] GC(20)   Pre Evacuate Collection Set: 0.1ms
[2021-10-19T08:34:22.108+0530][gc,phases   ] GC(20)   Merge Heap Roots: 0.1ms
[2021-10-19T08:34:22.108+0530][gc,phases   ] GC(20)   Evacuate Collection Set: 3.0ms
[2021-10-19T08:34:22.108+0530][gc,phases   ] GC(20)   Post Evacuate Collection Set: 0.7ms
[2021-10-19T08:34:22.108+0530][gc,phases   ] GC(20)   Other: 1.0ms
[2021-10-19T08:34:22.108+0530][gc,heap     ] GC(20) Eden regions: 609->0(610)
[2021-10-19T08:34:22.108+0530][gc,heap     ] GC(20) Survivor regions: 5->4(77)
[2021-10-19T08:34:22.108+0530][gc,heap     ] GC(20) Old regions: 12->13
[2021-10-19T08:34:22.108+0530][gc,heap     ] GC(20) Archive regions: 2->2
[2021-10-19T08:34:22.108+0530][gc,heap     ] GC(20) Humongous regions: 129->129
[2021-10-19T08:34:22.108+0530][gc,metaspace] GC(20) Metaspace: 37662K(38080K)->37662K(38080K) NonClass: 33416K(33664K)->33416K(33664K) Class: 4246K(4416K)->4246K(4416K)
[2021-10-19T08:34:22.109+0530][gc          ] GC(20) Pause Young (Normal) (G1 Evacuation Pause) 755M->146M(1024M) 5.018ms
[2021-10-19T08:34:22.109+0530][gc,cpu      ] GC(20) User=0.03s Sys=0.01s Real=0.00s
[2021-10-19T10:36:11.637+0530][gc,start    ] GC(21) Pause Young (Normal) (G1 Evacuation Pause)
[2021-10-19T10:36:11.638+0530][gc,task     ] GC(21) Using 13 workers of 13 for evacuation
[2021-10-19T10:36:11.643+0530][gc,phases   ] GC(21)   Pre Evacuate Collection Set: 0.2ms
[2021-10-19T10:36:11.643+0530][gc,phases   ] GC(21)   Merge Heap Roots: 0.3ms
[2021-10-19T10:36:11.643+0530][gc,phases   ] GC(21)   Evacuate Collection Set: 3.2ms
[2021-10-19T10:36:11.643+0530][gc,phases   ] GC(21)   Post Evacuate Collection Set: 0.9ms
[2021-10-19T10:36:11.643+0530][gc,phases   ] GC(21)   Other: 1.4ms
[2021-10-19T10:36:11.643+0530][gc,heap     ] GC(21) Eden regions: 610->0(610)
[2021-10-19T10:36:11.643+0530][gc,heap     ] GC(21) Survivor regions: 4->4(77)
[2021-10-19T10:36:11.643+0530][gc,heap     ] GC(21) Old regions: 13->13
[2021-10-19T10:36:11.643+0530][gc,heap     ] GC(21) Archive regions: 2->2
[2021-10-19T10:36:11.643+0530][gc,heap     ] GC(21) Humongous regions: 129->129
[2021-10-19T10:36:11.643+0530][gc,metaspace] GC(21) Metaspace: 37683K(38080K)->37683K(38080K) NonClass: 33436K(33664K)->33436K(33664K) Class: 4246K(4416K)->4246K(4416K)
[2021-10-19T10:36:11.643+0530][gc          ] GC(21) Pause Young (Normal) (G1 Evacuation Pause) 756M->146M(1024M) 6.174ms
[2021-10-19T10:36:11.643+0530][gc,cpu      ] GC(21) User=0.03s Sys=0.01s Real=0.01s
[2021-10-19T15:44:37.488+0530][gc,start    ] GC(22) Pause Young (Normal) (G1 Evacuation Pause)
[2021-10-19T15:44:37.489+0530][gc,task     ] GC(22) Using 13 workers of 13 for evacuation
[2021-10-19T15:44:37.493+0530][gc,phases   ] GC(22)   Pre Evacuate Collection Set: 0.2ms
[2021-10-19T15:44:37.493+0530][gc,phases   ] GC(22)   Merge Heap Roots: 0.2ms
[2021-10-19T15:44:37.493+0530][gc,phases   ] GC(22)   Evacuate Collection Set: 2.3ms
[2021-10-19T15:44:37.493+0530][gc,phases   ] GC(22)   Post Evacuate Collection Set: 0.8ms
[2021-10-19T15:44:37.493+0530][gc,phases   ] GC(22)   Other: 1.2ms
[2021-10-19T15:44:37.493+0530][gc,heap     ] GC(22) Eden regions: 610->0(610)
[2021-10-19T15:44:37.493+0530][gc,heap     ] GC(22) Survivor regions: 4->4(77)
[2021-10-19T15:44:37.493+0530][gc,heap     ] GC(22) Old regions: 13->13
[2021-10-19T15:44:37.493+0530][gc,heap     ] GC(22) Archive regions: 2->2
[2021-10-19T15:44:37.493+0530][gc,heap     ] GC(22) Humongous regions: 129->129
[2021-10-19T15:44:37.493+0530][gc,metaspace] GC(22) Metaspace: 37710K(38080K)->37710K(38080K) NonClass: 33463K(33664K)->33463K(33664K) Class: 4246K(4416K)->4246K(4416K)
[2021-10-19T15:44:37.493+0530][gc          ] GC(22) Pause Young (Normal) (G1 Evacuation Pause) 756M->146M(1024M) 4.903ms
[2021-10-19T15:44:37.493+0530][gc,cpu      ] GC(22) User=0.03s Sys=0.00s Real=0.01s
[2021-10-20T08:11:51.513+0530][gc,start    ] GC(23) Pause Young (Normal) (G1 Evacuation Pause)
[2021-10-20T08:11:51.513+0530][gc,task     ] GC(23) Using 13 workers of 13 for evacuation
[2021-10-20T08:11:51.520+0530][gc,phases   ] GC(23)   Pre Evacuate Collection Set: 0.1ms
[2021-10-20T08:11:51.520+0530][gc,phases   ] GC(23)   Merge Heap Roots: 0.2ms
[2021-10-20T08:11:51.520+0530][gc,phases   ] GC(23)   Evacuate Collection Set: 5.4ms
[2021-10-20T08:11:51.520+0530][gc,phases   ] GC(23)   Post Evacuate Collection Set: 0.6ms
[2021-10-20T08:11:51.520+0530][gc,phases   ] GC(23)   Other: 1.1ms
[2021-10-20T08:11:51.520+0530][gc,heap     ] GC(23) Eden regions: 610->0(610)
[2021-10-20T08:11:51.520+0530][gc,heap     ] GC(23) Survivor regions: 4->4(77)
[2021-10-20T08:11:51.520+0530][gc,heap     ] GC(23) Old regions: 13->14
[2021-10-20T08:11:51.520+0530][gc,heap     ] GC(23) Archive regions: 2->2
[2021-10-20T08:11:51.520+0530][gc,heap     ] GC(23) Humongous regions: 129->129
[2021-10-20T08:11:51.520+0530][gc,metaspace] GC(23) Metaspace: 37710K(38080K)->37710K(38080K) NonClass: 33463K(33664K)->33463K(33664K) Class: 4246K(4416K)->4246K(4416K)
[2021-10-20T08:11:51.520+0530][gc          ] GC(23) Pause Young (Normal) (G1 Evacuation Pause) 756M->146M(1024M) 7.472ms
[2021-10-20T08:11:51.520+0530][gc,cpu      ] GC(23) User=0.03s Sys=0.03s Real=0.01s
[2021-10-20T10:07:14.283+0530][gc,start    ] GC(24) Pause Young (Normal) (G1 Evacuation Pause)
[2021-10-20T10:07:14.283+0530][gc,task     ] GC(24) Using 13 workers of 13 for evacuation
[2021-10-20T10:07:14.287+0530][gc,phases   ] GC(24)   Pre Evacuate Collection Set: 0.2ms
[2021-10-20T10:07:14.287+0530][gc,phases   ] GC(24)   Merge Heap Roots: 0.2ms
[2021-10-20T10:07:14.287+0530][gc,phases   ] GC(24)   Evacuate Collection Set: 2.4ms
[2021-10-20T10:07:14.287+0530][gc,phases   ] GC(24)   Post Evacuate Collection Set: 0.7ms
[2021-10-20T10:07:14.287+0530][gc,phases   ] GC(24)   Other: 1.0ms
[2021-10-20T10:07:14.287+0530][gc,heap     ] GC(24) Eden regions: 610->0(611)
[2021-10-20T10:07:14.287+0530][gc,heap     ] GC(24) Survivor regions: 4->3(77)
[2021-10-20T10:07:14.287+0530][gc,heap     ] GC(24) Old regions: 14->14
[2021-10-20T10:07:14.287+0530][gc,heap     ] GC(24) Archive regions: 2->2
[2021-10-20T10:07:14.287+0530][gc,heap     ] GC(24) Humongous regions: 129->129
[2021-10-20T10:07:14.287+0530][gc,metaspace] GC(24) Metaspace: 37716K(38144K)->37716K(38144K) NonClass: 33470K(33728K)->33470K(33728K) Class: 4246K(4416K)->4246K(4416K)
[2021-10-20T10:07:14.287+0530][gc          ] GC(24) Pause Young (Normal) (G1 Evacuation Pause) 756M->145M(1024M) 4.595ms
[2021-10-20T10:07:14.287+0530][gc,cpu      ] GC(24) User=0.02s Sys=0.01s Real=0.00s
[2021-10-20T12:11:46.513+0530][gc,start    ] GC(25) Pause Young (Normal) (G1 Evacuation Pause)
[2021-10-20T12:11:46.514+0530][gc,task     ] GC(25) Using 13 workers of 13 for evacuation
[2021-10-20T12:11:46.520+0530][gc,phases   ] GC(25)   Pre Evacuate Collection Set: 0.3ms
[2021-10-20T12:11:46.520+0530][gc,phases   ] GC(25)   Merge Heap Roots: 0.3ms
[2021-10-20T12:11:46.520+0530][gc,phases   ] GC(25)   Evacuate Collection Set: 4.3ms
[2021-10-20T12:11:46.520+0530][gc,phases   ] GC(25)   Post Evacuate Collection Set: 0.7ms
[2021-10-20T12:11:46.520+0530][gc,phases   ] GC(25)   Other: 1.4ms
[2021-10-20T12:11:46.520+0530][gc,heap     ] GC(25) Eden regions: 611->0(610)
[2021-10-20T12:11:46.520+0530][gc,heap     ] GC(25) Survivor regions: 3->4(77)
[2021-10-20T12:11:46.520+0530][gc,heap     ] GC(25) Old regions: 14->14
[2021-10-20T12:11:46.520+0530][gc,heap     ] GC(25) Archive regions: 2->2
[2021-10-20T12:11:46.520+0530][gc,heap     ] GC(25) Humongous regions: 129->129
[2021-10-20T12:11:46.520+0530][gc,metaspace] GC(25) Metaspace: 37717K(38144K)->37717K(38144K) NonClass: 33470K(33728K)->33470K(33728K) Class: 4246K(4416K)->4246K(4416K)
[2021-10-20T12:11:46.520+0530][gc          ] GC(25) Pause Young (Normal) (G1 Evacuation Pause) 756M->146M(1024M) 7.104ms
[2021-10-20T12:11:46.520+0530][gc,cpu      ] GC(25) User=0.03s Sys=0.02s Real=0.01s
[2021-10-20T14:07:53.690+0530][gc,start    ] GC(26) Pause Young (Normal) (G1 Evacuation Pause)
[2021-10-20T14:07:53.691+0530][gc,task     ] GC(26) Using 13 workers of 13 for evacuation
[2021-10-20T14:07:53.701+0530][gc,phases   ] GC(26)   Pre Evacuate Collection Set: 1.6ms
[2021-10-20T14:07:53.701+0530][gc,phases   ] GC(26)   Merge Heap Roots: 0.3ms
[2021-10-20T14:07:53.701+0530][gc,phases   ] GC(26)   Evacuate Collection Set: 6.7ms
[2021-10-20T14:07:53.701+0530][gc,phases   ] GC(26)   Post Evacuate Collection Set: 1.1ms
[2021-10-20T14:07:53.701+0530][gc,phases   ] GC(26)   Other: 1.3ms
[2021-10-20T14:07:53.701+0530][gc,heap     ] GC(26) Eden regions: 610->0(611)
[2021-10-20T14:07:53.701+0530][gc,heap     ] GC(26) Survivor regions: 4->3(77)
[2021-10-20T14:07:53.701+0530][gc,heap     ] GC(26) Old regions: 14->14
[2021-10-20T14:07:53.701+0530][gc,heap     ] GC(26) Archive regions: 2->2
[2021-10-20T14:07:53.701+0530][gc,heap     ] GC(26) Humongous regions: 129->129
[2021-10-20T14:07:53.701+0530][gc,metaspace] GC(26) Metaspace: 37717K(38144K)->37717K(38144K) NonClass: 33470K(33728K)->33470K(33728K) Class: 4246K(4416K)->4246K(4416K)
[2021-10-20T14:07:53.701+0530][gc          ] GC(26) Pause Young (Normal) (G1 Evacuation Pause) 756M->146M(1024M) 11.195ms
[2021-10-20T14:07:53.701+0530][gc,cpu      ] GC(26) User=0.02s Sys=0.05s Real=0.01s
[2021-10-20T17:50:07.260+0530][gc,start    ] GC(27) Pause Young (Normal) (G1 Evacuation Pause)
[2021-10-20T17:50:07.260+0530][gc,task     ] GC(27) Using 13 workers of 13 for evacuation
[2021-10-20T17:50:07.264+0530][gc,phases   ] GC(27)   Pre Evacuate Collection Set: 0.1ms
[2021-10-20T17:50:07.264+0530][gc,phases   ] GC(27)   Merge Heap Roots: 0.1ms
[2021-10-20T17:50:07.264+0530][gc,phases   ] GC(27)   Evacuate Collection Set: 2.5ms
[2021-10-20T17:50:07.264+0530][gc,phases   ] GC(27)   Post Evacuate Collection Set: 0.6ms
[2021-10-20T17:50:07.264+0530][gc,phases   ] GC(27)   Other: 0.9ms
[2021-10-20T17:50:07.264+0530][gc,heap     ] GC(27) Eden regions: 611->0(611)
[2021-10-20T17:50:07.264+0530][gc,heap     ] GC(27) Survivor regions: 3->3(77)
[2021-10-20T17:50:07.264+0530][gc,heap     ] GC(27) Old regions: 14->14
[2021-10-20T17:50:07.264+0530][gc,heap     ] GC(27) Archive regions: 2->2
[2021-10-20T17:50:07.264+0530][gc,heap     ] GC(27) Humongous regions: 129->129
[2021-10-20T17:50:07.264+0530][gc,metaspace] GC(27) Metaspace: 37718K(38144K)->37718K(38144K) NonClass: 33472K(33728K)->33472K(33728K) Class: 4246K(4416K)->4246K(4416K)
[2021-10-20T17:50:07.264+0530][gc          ] GC(27) Pause Young (Normal) (G1 Evacuation Pause) 757M->145M(1024M) 4.357ms
[2021-10-20T17:50:07.264+0530][gc,cpu      ] GC(27) User=0.02s Sys=0.01s Real=0.00s
