[2021-10-13T21:36:41.382+0530][gc] Using G1
[2021-10-13T21:36:41.389+0530][gc,init] Version: 17+35-2724 (release)
[2021-10-13T21:36:41.389+0530][gc,init] CPUs: 16 total, 16 available
[2021-10-13T21:36:41.389+0530][gc,init] Memory: 32768M
[2021-10-13T21:36:41.389+0530][gc,init] Large Page Support: Disabled
[2021-10-13T21:36:41.389+0530][gc,init] NUMA Support: Disabled
[2021-10-13T21:36:41.389+0530][gc,init] Compressed Oops: Enabled (Zero based)
[2021-10-13T21:36:41.389+0530][gc,init] Heap Region Size: 1M
[2021-10-13T21:36:41.389+0530][gc,init] Heap Min Capacity: 1G
[2021-10-13T21:36:41.389+0530][gc,init] Heap Initial Capacity: 1G
[2021-10-13T21:36:41.389+0530][gc,init] Heap Max Capacity: 1G
[2021-10-13T21:36:41.389+0530][gc,init] Pre-touch: Disabled
[2021-10-13T21:36:41.389+0530][gc,init] Parallel Workers: 13
[2021-10-13T21:36:41.389+0530][gc,init] Concurrent Workers: 3
[2021-10-13T21:36:41.389+0530][gc,init] Concurrent Refinement Workers: 13
[2021-10-13T21:36:41.389+0530][gc,init] Periodic GC: Disabled
[2021-10-13T21:36:41.390+0530][gc,metaspace] CDS archive(s) mapped at: [0x0000000800000000-0x0000000800bd0000-0x0000000800bd0000), size 12386304, SharedBaseAddress: 0x0000000800000000, ArchiveRelocationMode: 0.
[2021-10-13T21:36:41.390+0530][gc,metaspace] Compressed class space mapped at: 0x0000000800c00000-0x0000000840c00000, reserved size: 1073741824
[2021-10-13T21:36:41.390+0530][gc,metaspace] Narrow klass base: 0x0000000800000000, Narrow klass shift: 0, Narrow klass range: 0x100000000
[2021-10-13T21:36:42.228+0530][gc,start    ] GC(0) Pause Young (Normal) (GCLocker Initiated GC)
[2021-10-13T21:36:42.228+0530][gc,task     ] GC(0) Using 13 workers of 13 for evacuation
[2021-10-13T21:36:42.231+0530][gc,phases   ] GC(0)   Pre Evacuate Collection Set: 0.1ms
[2021-10-13T21:36:42.231+0530][gc,phases   ] GC(0)   Merge Heap Roots: 0.1ms
[2021-10-13T21:36:42.231+0530][gc,phases   ] GC(0)   Evacuate Collection Set: 2.4ms
[2021-10-13T21:36:42.231+0530][gc,phases   ] GC(0)   Post Evacuate Collection Set: 0.5ms
[2021-10-13T21:36:42.231+0530][gc,phases   ] GC(0)   Other: 0.7ms
[2021-10-13T21:36:42.231+0530][gc,heap     ] GC(0) Eden regions: 51->0(44)
[2021-10-13T21:36:42.231+0530][gc,heap     ] GC(0) Survivor regions: 0->7(7)
[2021-10-13T21:36:42.231+0530][gc,heap     ] GC(0) Old regions: 0->0
[2021-10-13T21:36:42.231+0530][gc,heap     ] GC(0) Archive regions: 2->2
[2021-10-13T21:36:42.231+0530][gc,heap     ] GC(0) Humongous regions: 0->0
[2021-10-13T21:36:42.231+0530][gc,metaspace] GC(0) Metaspace: 18443K(18624K)->18443K(18624K) NonClass: 16250K(16320K)->16250K(16320K) Class: 2192K(2304K)->2192K(2304K)
[2021-10-13T21:36:42.231+0530][gc          ] GC(0) Pause Young (Normal) (GCLocker Initiated GC) 51M->7M(1024M) 3.920ms
[2021-10-13T21:36:42.231+0530][gc,cpu      ] GC(0) User=0.02s Sys=0.01s Real=0.01s
[2021-10-13T21:36:42.364+0530][gc,start    ] GC(1) Pause Young (Concurrent Start) (Metadata GC Threshold)
[2021-10-13T21:36:42.364+0530][gc,task     ] GC(1) Using 13 workers of 13 for evacuation
[2021-10-13T21:36:42.370+0530][gc,phases   ] GC(1)   Pre Evacuate Collection Set: 0.1ms
[2021-10-13T21:36:42.370+0530][gc,phases   ] GC(1)   Merge Heap Roots: 0.1ms
[2021-10-13T21:36:42.370+0530][gc,phases   ] GC(1)   Evacuate Collection Set: 4.9ms
[2021-10-13T21:36:42.370+0530][gc,phases   ] GC(1)   Post Evacuate Collection Set: 0.5ms
[2021-10-13T21:36:42.370+0530][gc,phases   ] GC(1)   Other: 0.2ms
[2021-10-13T21:36:42.370+0530][gc,heap     ] GC(1) Eden regions: 12->0(49)
[2021-10-13T21:36:42.370+0530][gc,heap     ] GC(1) Survivor regions: 7->2(7)
[2021-10-13T21:36:42.370+0530][gc,heap     ] GC(1) Old regions: 0->7
[2021-10-13T21:36:42.370+0530][gc,heap     ] GC(1) Archive regions: 2->2
[2021-10-13T21:36:42.370+0530][gc,heap     ] GC(1) Humongous regions: 129->129
[2021-10-13T21:36:42.370+0530][gc,metaspace] GC(1) Metaspace: 21350K(21504K)->21350K(21504K) NonClass: 18877K(18944K)->18877K(18944K) Class: 2472K(2560K)->2472K(2560K)
[2021-10-13T21:36:42.370+0530][gc          ] GC(1) Pause Young (Concurrent Start) (Metadata GC Threshold) 148M->138M(1024M) 5.962ms
[2021-10-13T21:36:42.370+0530][gc,cpu      ] GC(1) User=0.02s Sys=0.03s Real=0.01s
[2021-10-13T21:36:42.370+0530][gc          ] GC(2) Concurrent Mark Cycle
[2021-10-13T21:36:42.370+0530][gc,marking  ] GC(2) Concurrent Clear Claimed Marks
[2021-10-13T21:36:42.370+0530][gc,marking  ] GC(2) Concurrent Clear Claimed Marks 0.010ms
[2021-10-13T21:36:42.370+0530][gc,marking  ] GC(2) Concurrent Scan Root Regions
[2021-10-13T21:36:42.372+0530][gc,marking  ] GC(2) Concurrent Scan Root Regions 1.323ms
[2021-10-13T21:36:42.372+0530][gc,marking  ] GC(2) Concurrent Mark
[2021-10-13T21:36:42.372+0530][gc,marking  ] GC(2) Concurrent Mark From Roots
[2021-10-13T21:36:42.372+0530][gc,task     ] GC(2) Using 3 workers of 3 for marking
[2021-10-13T21:36:42.373+0530][gc,marking  ] GC(2) Concurrent Mark From Roots 1.237ms
[2021-10-13T21:36:42.373+0530][gc,marking  ] GC(2) Concurrent Preclean
[2021-10-13T21:36:42.373+0530][gc,marking  ] GC(2) Concurrent Preclean 0.027ms
[2021-10-13T21:36:42.373+0530][gc,start    ] GC(2) Pause Remark
[2021-10-13T21:36:42.374+0530][gc          ] GC(2) Pause Remark 139M->139M(1024M) 1.234ms
[2021-10-13T21:36:42.374+0530][gc,cpu      ] GC(2) User=0.00s Sys=0.00s Real=0.00s
[2021-10-13T21:36:42.374+0530][gc,marking  ] GC(2) Concurrent Mark 2.747ms
[2021-10-13T21:36:42.375+0530][gc,marking  ] GC(2) Concurrent Rebuild Remembered Sets
[2021-10-13T21:36:42.376+0530][gc,marking  ] GC(2) Concurrent Rebuild Remembered Sets 1.249ms
[2021-10-13T21:36:42.376+0530][gc,start    ] GC(2) Pause Cleanup
[2021-10-13T21:36:42.376+0530][gc          ] GC(2) Pause Cleanup 139M->139M(1024M) 0.143ms
[2021-10-13T21:36:42.376+0530][gc,cpu      ] GC(2) User=0.00s Sys=0.00s Real=0.00s
[2021-10-13T21:36:42.376+0530][gc,marking  ] GC(2) Concurrent Cleanup for Next Mark
[2021-10-13T21:36:42.379+0530][gc,marking  ] GC(2) Concurrent Cleanup for Next Mark 2.630ms
[2021-10-13T21:36:42.379+0530][gc          ] GC(2) Concurrent Mark Cycle 8.390ms
[2021-10-13T21:39:47.298+0530][gc,start    ] GC(3) Pause Young (Normal) (G1 Evacuation Pause)
[2021-10-13T21:39:47.298+0530][gc,task     ] GC(3) Using 13 workers of 13 for evacuation
[2021-10-13T21:39:47.301+0530][gc,phases   ] GC(3)   Pre Evacuate Collection Set: 0.1ms
[2021-10-13T21:39:47.301+0530][gc,phases   ] GC(3)   Merge Heap Roots: 0.1ms
[2021-10-13T21:39:47.301+0530][gc,phases   ] GC(3)   Evacuate Collection Set: 2.4ms
[2021-10-13T21:39:47.301+0530][gc,phases   ] GC(3)   Post Evacuate Collection Set: 0.4ms
[2021-10-13T21:39:47.301+0530][gc,phases   ] GC(3)   Other: 0.2ms
[2021-10-13T21:39:47.301+0530][gc,heap     ] GC(3) Eden regions: 49->0(45)
[2021-10-13T21:39:47.301+0530][gc,heap     ] GC(3) Survivor regions: 2->6(7)
[2021-10-13T21:39:47.301+0530][gc,heap     ] GC(3) Old regions: 7->7
[2021-10-13T21:39:47.302+0530][gc,heap     ] GC(3) Archive regions: 2->2
[2021-10-13T21:39:47.302+0530][gc,heap     ] GC(3) Humongous regions: 129->129
[2021-10-13T21:39:47.302+0530][gc,metaspace] GC(3) Metaspace: 32407K(32768K)->32407K(32768K) NonClass: 28755K(28992K)->28755K(28992K) Class: 3651K(3776K)->3651K(3776K)
[2021-10-13T21:39:47.302+0530][gc          ] GC(3) Pause Young (Normal) (G1 Evacuation Pause) 187M->142M(1024M) 3.279ms
[2021-10-13T21:39:47.302+0530][gc,cpu      ] GC(3) User=0.03s Sys=0.01s Real=0.01s
[2021-10-13T22:27:47.154+0530][gc,start    ] GC(4) Pause Young (Normal) (G1 Evacuation Pause)
[2021-10-13T22:27:47.154+0530][gc,task     ] GC(4) Using 13 workers of 13 for evacuation
[2021-10-13T22:27:47.159+0530][gc,phases   ] GC(4)   Pre Evacuate Collection Set: 0.2ms
[2021-10-13T22:27:47.159+0530][gc,phases   ] GC(4)   Merge Heap Roots: 0.1ms
[2021-10-13T22:27:47.159+0530][gc,phases   ] GC(4)   Evacuate Collection Set: 4.8ms
[2021-10-13T22:27:47.160+0530][gc,phases   ] GC(4)   Post Evacuate Collection Set: 0.5ms
[2021-10-13T22:27:47.160+0530][gc,phases   ] GC(4)   Other: 0.4ms
[2021-10-13T22:27:47.160+0530][gc,heap     ] GC(4) Eden regions: 45->0(48)
[2021-10-13T22:27:47.160+0530][gc,heap     ] GC(4) Survivor regions: 6->3(7)
[2021-10-13T22:27:47.160+0530][gc,heap     ] GC(4) Old regions: 7->13
[2021-10-13T22:27:47.160+0530][gc,heap     ] GC(4) Archive regions: 2->2
[2021-10-13T22:27:47.160+0530][gc,heap     ] GC(4) Humongous regions: 129->129
[2021-10-13T22:27:47.160+0530][gc,metaspace] GC(4) Metaspace: 33826K(34176K)->33826K(34176K) NonClass: 30085K(30272K)->30085K(30272K) Class: 3740K(3904K)->3740K(3904K)
[2021-10-13T22:27:47.160+0530][gc          ] GC(4) Pause Young (Normal) (G1 Evacuation Pause) 187M->144M(1024M) 6.107ms
[2021-10-13T22:27:47.160+0530][gc,cpu      ] GC(4) User=0.05s Sys=0.01s Real=0.01s
[2021-10-13T22:36:52.726+0530][gc,start    ] GC(5) Pause Young (Normal) (G1 Evacuation Pause)
[2021-10-13T22:36:52.726+0530][gc,task     ] GC(5) Using 13 workers of 13 for evacuation
[2021-10-13T22:36:52.728+0530][gc,phases   ] GC(5)   Pre Evacuate Collection Set: 0.1ms
[2021-10-13T22:36:52.728+0530][gc,phases   ] GC(5)   Merge Heap Roots: 0.0ms
[2021-10-13T22:36:52.728+0530][gc,phases   ] GC(5)   Evacuate Collection Set: 1.3ms
[2021-10-13T22:36:52.728+0530][gc,phases   ] GC(5)   Post Evacuate Collection Set: 0.2ms
[2021-10-13T22:36:52.728+0530][gc,phases   ] GC(5)   Other: 0.1ms
[2021-10-13T22:36:52.728+0530][gc,heap     ] GC(5) Eden regions: 48->0(48)
[2021-10-13T22:36:52.728+0530][gc,heap     ] GC(5) Survivor regions: 3->3(7)
[2021-10-13T22:36:52.728+0530][gc,heap     ] GC(5) Old regions: 13->13
[2021-10-13T22:36:52.728+0530][gc,heap     ] GC(5) Archive regions: 2->2
[2021-10-13T22:36:52.728+0530][gc,heap     ] GC(5) Humongous regions: 129->129
[2021-10-13T22:36:52.728+0530][gc,metaspace] GC(5) Metaspace: 33887K(34240K)->33887K(34240K) NonClass: 30145K(30336K)->30145K(30336K) Class: 3742K(3904K)->3742K(3904K)
[2021-10-13T22:36:52.728+0530][gc          ] GC(5) Pause Young (Normal) (G1 Evacuation Pause) 192M->144M(1024M) 1.919ms
[2021-10-13T22:36:52.728+0530][gc,cpu      ] GC(5) User=0.02s Sys=0.01s Real=0.00s
[2021-10-13T22:42:37.809+0530][gc,start    ] GC(6) Pause Young (Normal) (G1 Evacuation Pause)
[2021-10-13T22:42:37.809+0530][gc,task     ] GC(6) Using 13 workers of 13 for evacuation
[2021-10-13T22:42:37.812+0530][gc,phases   ] GC(6)   Pre Evacuate Collection Set: 0.2ms
[2021-10-13T22:42:37.812+0530][gc,phases   ] GC(6)   Merge Heap Roots: 0.1ms
[2021-10-13T22:42:37.812+0530][gc,phases   ] GC(6)   Evacuate Collection Set: 2.1ms
[2021-10-13T22:42:37.812+0530][gc,phases   ] GC(6)   Post Evacuate Collection Set: 0.6ms
[2021-10-13T22:42:37.812+0530][gc,phases   ] GC(6)   Other: 0.2ms
[2021-10-13T22:42:37.812+0530][gc,heap     ] GC(6) Eden regions: 48->0(47)
[2021-10-13T22:42:37.812+0530][gc,heap     ] GC(6) Survivor regions: 3->4(7)
[2021-10-13T22:42:37.812+0530][gc,heap     ] GC(6) Old regions: 13->13
[2021-10-13T22:42:37.812+0530][gc,heap     ] GC(6) Archive regions: 2->2
[2021-10-13T22:42:37.812+0530][gc,heap     ] GC(6) Humongous regions: 129->129
[2021-10-13T22:42:37.812+0530][gc,metaspace] GC(6) Metaspace: 35302K(35712K)->35302K(35712K) NonClass: 31351K(31552K)->31351K(31552K) Class: 3950K(4160K)->3950K(4160K)
[2021-10-13T22:42:37.812+0530][gc          ] GC(6) Pause Young (Normal) (G1 Evacuation Pause) 192M->145M(1024M) 3.345ms
[2021-10-13T22:42:37.812+0530][gc,cpu      ] GC(6) User=0.03s Sys=0.00s Real=0.01s
[2021-10-13T22:48:54.111+0530][gc,start    ] GC(7) Pause Young (Normal) (G1 Evacuation Pause)
[2021-10-13T22:48:54.111+0530][gc,task     ] GC(7) Using 13 workers of 13 for evacuation
[2021-10-13T22:48:54.114+0530][gc,phases   ] GC(7)   Pre Evacuate Collection Set: 0.1ms
[2021-10-13T22:48:54.114+0530][gc,phases   ] GC(7)   Merge Heap Roots: 0.1ms
[2021-10-13T22:48:54.114+0530][gc,phases   ] GC(7)   Evacuate Collection Set: 2.2ms
[2021-10-13T22:48:54.114+0530][gc,phases   ] GC(7)   Post Evacuate Collection Set: 0.5ms
[2021-10-13T22:48:54.114+0530][gc,phases   ] GC(7)   Other: 0.2ms
[2021-10-13T22:48:54.114+0530][gc,heap     ] GC(7) Eden regions: 47->0(56)
[2021-10-13T22:48:54.114+0530][gc,heap     ] GC(7) Survivor regions: 4->4(7)
[2021-10-13T22:48:54.114+0530][gc,heap     ] GC(7) Old regions: 13->13
[2021-10-13T22:48:54.114+0530][gc,heap     ] GC(7) Archive regions: 2->2
[2021-10-13T22:48:54.114+0530][gc,heap     ] GC(7) Humongous regions: 129->129
[2021-10-13T22:48:54.114+0530][gc,metaspace] GC(7) Metaspace: 35630K(36096K)->35630K(36096K) NonClass: 31650K(31936K)->31650K(31936K) Class: 3980K(4160K)->3980K(4160K)
[2021-10-13T22:48:54.114+0530][gc          ] GC(7) Pause Young (Normal) (G1 Evacuation Pause) 192M->145M(1024M) 3.343ms
[2021-10-13T22:48:54.114+0530][gc,cpu      ] GC(7) User=0.02s Sys=0.00s Real=0.00s
[2021-10-13T22:50:47.080+0530][gc,start    ] GC(8) Pause Young (Concurrent Start) (Metadata GC Threshold)
[2021-10-13T22:50:47.081+0530][gc,task     ] GC(8) Using 13 workers of 13 for evacuation
[2021-10-13T22:50:47.083+0530][gc,phases   ] GC(8)   Pre Evacuate Collection Set: 0.1ms
[2021-10-13T22:50:47.083+0530][gc,phases   ] GC(8)   Merge Heap Roots: 0.1ms
[2021-10-13T22:50:47.083+0530][gc,phases   ] GC(8)   Evacuate Collection Set: 1.8ms
[2021-10-13T22:50:47.083+0530][gc,phases   ] GC(8)   Post Evacuate Collection Set: 0.6ms
[2021-10-13T22:50:47.083+0530][gc,phases   ] GC(8)   Other: 0.2ms
[2021-10-13T22:50:47.083+0530][gc,heap     ] GC(8) Eden regions: 15->0(66)
[2021-10-13T22:50:47.083+0530][gc,heap     ] GC(8) Survivor regions: 4->4(8)
[2021-10-13T22:50:47.083+0530][gc,heap     ] GC(8) Old regions: 13->13
[2021-10-13T22:50:47.083+0530][gc,heap     ] GC(8) Archive regions: 2->2
[2021-10-13T22:50:47.083+0530][gc,heap     ] GC(8) Humongous regions: 129->129
[2021-10-13T22:50:47.083+0530][gc,metaspace] GC(8) Metaspace: 35681K(36096K)->35681K(36096K) NonClass: 31700K(31936K)->31700K(31936K) Class: 3980K(4160K)->3980K(4160K)
[2021-10-13T22:50:47.083+0530][gc          ] GC(8) Pause Young (Concurrent Start) (Metadata GC Threshold) 159M->145M(1024M) 2.963ms
[2021-10-13T22:50:47.083+0530][gc,cpu      ] GC(8) User=0.02s Sys=0.00s Real=0.00s
[2021-10-13T22:50:47.084+0530][gc          ] GC(9) Concurrent Mark Cycle
[2021-10-13T22:50:47.084+0530][gc,marking  ] GC(9) Concurrent Clear Claimed Marks
[2021-10-13T22:50:47.084+0530][gc,marking  ] GC(9) Concurrent Clear Claimed Marks 0.038ms
[2021-10-13T22:50:47.084+0530][gc,marking  ] GC(9) Concurrent Scan Root Regions
[2021-10-13T22:50:47.085+0530][gc,marking  ] GC(9) Concurrent Scan Root Regions 1.417ms
[2021-10-13T22:50:47.085+0530][gc,marking  ] GC(9) Concurrent Mark
[2021-10-13T22:50:47.085+0530][gc,marking  ] GC(9) Concurrent Mark From Roots
[2021-10-13T22:50:47.085+0530][gc,task     ] GC(9) Using 3 workers of 3 for marking
[2021-10-13T22:50:47.092+0530][gc,marking  ] GC(9) Concurrent Mark From Roots 7.129ms
[2021-10-13T22:50:47.092+0530][gc,marking  ] GC(9) Concurrent Preclean
[2021-10-13T22:50:47.092+0530][gc,marking  ] GC(9) Concurrent Preclean 0.204ms
[2021-10-13T22:50:47.093+0530][gc,start    ] GC(9) Pause Remark
[2021-10-13T22:50:47.096+0530][gc          ] GC(9) Pause Remark 145M->145M(1024M) 3.224ms
[2021-10-13T22:50:47.096+0530][gc,cpu      ] GC(9) User=0.03s Sys=0.00s Real=0.00s
[2021-10-13T22:50:47.096+0530][gc,marking  ] GC(9) Concurrent Mark 10.813ms
[2021-10-13T22:50:47.096+0530][gc,marking  ] GC(9) Concurrent Rebuild Remembered Sets
[2021-10-13T22:50:47.100+0530][gc,marking  ] GC(9) Concurrent Rebuild Remembered Sets 3.726ms
[2021-10-13T22:50:47.100+0530][gc,start    ] GC(9) Pause Cleanup
[2021-10-13T22:50:47.100+0530][gc          ] GC(9) Pause Cleanup 145M->145M(1024M) 0.146ms
[2021-10-13T22:50:47.100+0530][gc,cpu      ] GC(9) User=0.00s Sys=0.00s Real=0.00s
[2021-10-13T22:50:47.100+0530][gc,marking  ] GC(9) Concurrent Cleanup for Next Mark
[2021-10-13T22:50:47.104+0530][gc,marking  ] GC(9) Concurrent Cleanup for Next Mark 4.328ms
[2021-10-13T22:50:47.104+0530][gc          ] GC(9) Concurrent Mark Cycle 20.800ms
[2021-10-13T23:00:44.760+0530][gc,start    ] GC(10) Pause Young (Prepare Mixed) (G1 Evacuation Pause)
[2021-10-13T23:00:44.760+0530][gc,task     ] GC(10) Using 13 workers of 13 for evacuation
[2021-10-13T23:00:44.763+0530][gc,phases   ] GC(10)   Pre Evacuate Collection Set: 0.1ms
[2021-10-13T23:00:44.763+0530][gc,phases   ] GC(10)   Merge Heap Roots: 0.1ms
[2021-10-13T23:00:44.763+0530][gc,phases   ] GC(10)   Evacuate Collection Set: 2.6ms
[2021-10-13T23:00:44.763+0530][gc,phases   ] GC(10)   Post Evacuate Collection Set: 0.6ms
[2021-10-13T23:00:44.763+0530][gc,phases   ] GC(10)   Other: 0.2ms
[2021-10-13T23:00:44.763+0530][gc,heap     ] GC(10) Eden regions: 72->0(47)
[2021-10-13T23:00:44.763+0530][gc,heap     ] GC(10) Survivor regions: 4->4(10)
[2021-10-13T23:00:44.763+0530][gc,heap     ] GC(10) Old regions: 13->13
[2021-10-13T23:00:44.763+0530][gc,heap     ] GC(10) Archive regions: 2->2
[2021-10-13T23:00:44.763+0530][gc,heap     ] GC(10) Humongous regions: 129->129
[2021-10-13T23:00:44.763+0530][gc,metaspace] GC(10) Metaspace: 35766K(36224K)->35766K(36224K) NonClass: 31802K(32064K)->31802K(32064K) Class: 3963K(4160K)->3963K(4160K)
[2021-10-13T23:00:44.763+0530][gc          ] GC(10) Pause Young (Prepare Mixed) (G1 Evacuation Pause) 217M->145M(1024M) 3.791ms
[2021-10-13T23:00:44.763+0530][gc,cpu      ] GC(10) User=0.02s Sys=0.01s Real=0.00s
[2021-10-13T23:07:16.288+0530][gc,start    ] GC(11) Pause Young (Mixed) (G1 Evacuation Pause)
[2021-10-13T23:07:16.288+0530][gc,task     ] GC(11) Using 13 workers of 13 for evacuation
[2021-10-13T23:07:16.290+0530][gc,phases   ] GC(11)   Pre Evacuate Collection Set: 0.1ms
[2021-10-13T23:07:16.290+0530][gc,phases   ] GC(11)   Merge Heap Roots: 0.1ms
[2021-10-13T23:07:16.290+0530][gc,phases   ] GC(11)   Evacuate Collection Set: 1.6ms
[2021-10-13T23:07:16.290+0530][gc,phases   ] GC(11)   Post Evacuate Collection Set: 0.9ms
[2021-10-13T23:07:16.290+0530][gc,phases   ] GC(11)   Other: 0.1ms
[2021-10-13T23:07:16.290+0530][gc,heap     ] GC(11) Eden regions: 47->0(505)
[2021-10-13T23:07:16.290+0530][gc,heap     ] GC(11) Survivor regions: 4->4(7)
[2021-10-13T23:07:16.290+0530][gc,heap     ] GC(11) Old regions: 13->12
[2021-10-13T23:07:16.290+0530][gc,heap     ] GC(11) Archive regions: 2->2
[2021-10-13T23:07:16.290+0530][gc,heap     ] GC(11) Humongous regions: 129->129
[2021-10-13T23:07:16.290+0530][gc,metaspace] GC(11) Metaspace: 35824K(36288K)->35824K(36288K) NonClass: 31861K(32128K)->31861K(32128K) Class: 3963K(4160K)->3963K(4160K)
[2021-10-13T23:07:16.290+0530][gc          ] GC(11) Pause Young (Mixed) (G1 Evacuation Pause) 192M->145M(1024M) 2.977ms
[2021-10-13T23:07:16.291+0530][gc,cpu      ] GC(11) User=0.02s Sys=0.00s Real=0.01s
[2021-10-14T00:27:01.007+0530][gc,start    ] GC(12) Pause Young (Normal) (G1 Evacuation Pause)
[2021-10-14T00:27:01.008+0530][gc,task     ] GC(12) Using 13 workers of 13 for evacuation
[2021-10-14T00:27:01.013+0530][gc,phases   ] GC(12)   Pre Evacuate Collection Set: 0.2ms
[2021-10-14T00:27:01.013+0530][gc,phases   ] GC(12)   Merge Heap Roots: 0.3ms
[2021-10-14T00:27:01.013+0530][gc,phases   ] GC(12)   Evacuate Collection Set: 3.5ms
[2021-10-14T00:27:01.013+0530][gc,phases   ] GC(12)   Post Evacuate Collection Set: 0.9ms
[2021-10-14T00:27:01.013+0530][gc,phases   ] GC(12)   Other: 1.6ms
[2021-10-14T00:27:01.013+0530][gc,heap     ] GC(12) Eden regions: 505->0(609)
[2021-10-14T00:27:01.013+0530][gc,heap     ] GC(12) Survivor regions: 4->5(64)
[2021-10-14T00:27:01.013+0530][gc,heap     ] GC(12) Old regions: 12->12
[2021-10-14T00:27:01.013+0530][gc,heap     ] GC(12) Archive regions: 2->2
[2021-10-14T00:27:01.013+0530][gc,heap     ] GC(12) Humongous regions: 129->129
[2021-10-14T00:27:01.013+0530][gc,metaspace] GC(12) Metaspace: 36154K(36544K)->36154K(36544K) NonClass: 32171K(32384K)->32171K(32384K) Class: 3982K(4160K)->3982K(4160K)
[2021-10-14T00:27:01.014+0530][gc          ] GC(12) Pause Young (Normal) (G1 Evacuation Pause) 650M->146M(1024M) 6.617ms
[2021-10-14T00:27:01.014+0530][gc,cpu      ] GC(12) User=0.04s Sys=0.01s Real=0.01s
[2021-10-14T09:39:57.075+0530][gc,start    ] GC(13) Pause Young (Normal) (G1 Evacuation Pause)
[2021-10-14T09:39:57.076+0530][gc,task     ] GC(13) Using 13 workers of 13 for evacuation
[2021-10-14T09:39:57.081+0530][gc,phases   ] GC(13)   Pre Evacuate Collection Set: 0.2ms
[2021-10-14T09:39:57.081+0530][gc,phases   ] GC(13)   Merge Heap Roots: 0.2ms
[2021-10-14T09:39:57.081+0530][gc,phases   ] GC(13)   Evacuate Collection Set: 3.3ms
[2021-10-14T09:39:57.081+0530][gc,phases   ] GC(13)   Post Evacuate Collection Set: 0.8ms
[2021-10-14T09:39:57.081+0530][gc,phases   ] GC(13)   Other: 0.8ms
[2021-10-14T09:39:57.081+0530][gc,heap     ] GC(13) Eden regions: 609->0(609)
[2021-10-14T09:39:57.081+0530][gc,heap     ] GC(13) Survivor regions: 5->5(77)
[2021-10-14T09:39:57.081+0530][gc,heap     ] GC(13) Old regions: 12->12
[2021-10-14T09:39:57.081+0530][gc,heap     ] GC(13) Archive regions: 2->2
[2021-10-14T09:39:57.081+0530][gc,heap     ] GC(13) Humongous regions: 129->129
[2021-10-14T09:39:57.081+0530][gc,metaspace] GC(13) Metaspace: 36209K(36672K)->36209K(36672K) NonClass: 32226K(32512K)->32226K(32512K) Class: 3982K(4160K)->3982K(4160K)
[2021-10-14T09:39:57.081+0530][gc          ] GC(13) Pause Young (Normal) (G1 Evacuation Pause) 755M->146M(1024M) 5.357ms
[2021-10-14T09:39:57.081+0530][gc,cpu      ] GC(13) User=0.04s Sys=0.01s Real=0.01s
[2021-10-14T11:50:37.592+0530][gc,start    ] GC(14) Pause Young (Normal) (G1 Evacuation Pause)
[2021-10-14T11:50:37.593+0530][gc,task     ] GC(14) Using 13 workers of 13 for evacuation
[2021-10-14T11:50:37.604+0530][gc,phases   ] GC(14)   Pre Evacuate Collection Set: 0.1ms
[2021-10-14T11:50:37.604+0530][gc,phases   ] GC(14)   Merge Heap Roots: 0.2ms
[2021-10-14T11:50:37.604+0530][gc,phases   ] GC(14)   Evacuate Collection Set: 9.7ms
[2021-10-14T11:50:37.604+0530][gc,phases   ] GC(14)   Post Evacuate Collection Set: 1.0ms
[2021-10-14T11:50:37.604+0530][gc,phases   ] GC(14)   Other: 1.1ms
[2021-10-14T11:50:37.604+0530][gc,heap     ] GC(14) Eden regions: 609->0(609)
[2021-10-14T11:50:37.605+0530][gc,heap     ] GC(14) Survivor regions: 5->5(77)
[2021-10-14T11:50:37.605+0530][gc,heap     ] GC(14) Old regions: 12->12
[2021-10-14T11:50:37.605+0530][gc,heap     ] GC(14) Archive regions: 2->2
[2021-10-14T11:50:37.605+0530][gc,heap     ] GC(14) Humongous regions: 129->129
[2021-10-14T11:50:37.605+0530][gc,metaspace] GC(14) Metaspace: 36264K(36672K)->36264K(36672K) NonClass: 32275K(32512K)->32275K(32512K) Class: 3988K(4160K)->3988K(4160K)
[2021-10-14T11:50:37.605+0530][gc          ] GC(14) Pause Young (Normal) (G1 Evacuation Pause) 755M->146M(1024M) 12.277ms
[2021-10-14T11:50:37.605+0530][gc,cpu      ] GC(14) User=0.03s Sys=0.05s Real=0.01s
[2021-10-14T14:40:36.500+0530][gc,start    ] GC(15) Pause Young (Normal) (G1 Evacuation Pause)
[2021-10-14T14:40:36.500+0530][gc,task     ] GC(15) Using 13 workers of 13 for evacuation
[2021-10-14T14:40:36.503+0530][gc,phases   ] GC(15)   Pre Evacuate Collection Set: 0.1ms
[2021-10-14T14:40:36.503+0530][gc,phases   ] GC(15)   Merge Heap Roots: 0.1ms
[2021-10-14T14:40:36.503+0530][gc,phases   ] GC(15)   Evacuate Collection Set: 1.7ms
[2021-10-14T14:40:36.503+0530][gc,phases   ] GC(15)   Post Evacuate Collection Set: 0.5ms
[2021-10-14T14:40:36.503+0530][gc,phases   ] GC(15)   Other: 0.6ms
[2021-10-14T14:40:36.503+0530][gc,heap     ] GC(15) Eden regions: 609->0(609)
[2021-10-14T14:40:36.503+0530][gc,heap     ] GC(15) Survivor regions: 5->5(77)
[2021-10-14T14:40:36.503+0530][gc,heap     ] GC(15) Old regions: 12->12
[2021-10-14T14:40:36.503+0530][gc,heap     ] GC(15) Archive regions: 2->2
[2021-10-14T14:40:36.503+0530][gc,heap     ] GC(15) Humongous regions: 129->129
[2021-10-14T14:40:36.503+0530][gc,metaspace] GC(15) Metaspace: 36349K(36736K)->36349K(36736K) NonClass: 32351K(32576K)->32351K(32576K) Class: 3997K(4160K)->3997K(4160K)
[2021-10-14T14:40:36.503+0530][gc          ] GC(15) Pause Young (Normal) (G1 Evacuation Pause) 755M->146M(1024M) 3.152ms
[2021-10-14T14:40:36.503+0530][gc,cpu      ] GC(15) User=0.02s Sys=0.00s Real=0.00s
[2021-10-14T16:26:09.748+0530][gc,start    ] GC(16) Pause Young (Normal) (G1 Evacuation Pause)
[2021-10-14T16:26:09.748+0530][gc,task     ] GC(16) Using 13 workers of 13 for evacuation
[2021-10-14T16:26:09.752+0530][gc,phases   ] GC(16)   Pre Evacuate Collection Set: 0.1ms
[2021-10-14T16:26:09.752+0530][gc,phases   ] GC(16)   Merge Heap Roots: 0.1ms
[2021-10-14T16:26:09.752+0530][gc,phases   ] GC(16)   Evacuate Collection Set: 2.5ms
[2021-10-14T16:26:09.752+0530][gc,phases   ] GC(16)   Post Evacuate Collection Set: 0.7ms
[2021-10-14T16:26:09.752+0530][gc,phases   ] GC(16)   Other: 1.0ms
[2021-10-14T16:26:09.752+0530][gc,heap     ] GC(16) Eden regions: 609->0(608)
[2021-10-14T16:26:09.752+0530][gc,heap     ] GC(16) Survivor regions: 5->6(77)
[2021-10-14T16:26:09.752+0530][gc,heap     ] GC(16) Old regions: 12->12
[2021-10-14T16:26:09.752+0530][gc,heap     ] GC(16) Archive regions: 2->2
[2021-10-14T16:26:09.752+0530][gc,heap     ] GC(16) Humongous regions: 129->129
[2021-10-14T16:26:09.752+0530][gc,metaspace] GC(16) Metaspace: 36389K(36800K)->36389K(36800K) NonClass: 32391K(32640K)->32391K(32640K) Class: 3997K(4160K)->3997K(4160K)
[2021-10-14T16:26:09.752+0530][gc          ] GC(16) Pause Young (Normal) (G1 Evacuation Pause) 755M->146M(1024M) 4.623ms
[2021-10-14T16:26:09.752+0530][gc,cpu      ] GC(16) User=0.02s Sys=0.00s Real=0.01s
[2021-10-14T17:55:25.220+0530][gc,start    ] GC(17) Pause Young (Normal) (G1 Evacuation Pause)
[2021-10-14T17:55:25.221+0530][gc,task     ] GC(17) Using 13 workers of 13 for evacuation
[2021-10-14T17:55:25.225+0530][gc,phases   ] GC(17)   Pre Evacuate Collection Set: 0.2ms
[2021-10-14T17:55:25.240+0530][gc,phases   ] GC(17)   Merge Heap Roots: 0.2ms
[2021-10-14T17:55:25.241+0530][gc,phases   ] GC(17)   Evacuate Collection Set: 2.6ms
[2021-10-14T17:55:25.241+0530][gc,phases   ] GC(17)   Post Evacuate Collection Set: 0.7ms
[2021-10-14T17:55:25.241+0530][gc,phases   ] GC(17)   Other: 1.1ms
[2021-10-14T17:55:25.241+0530][gc,heap     ] GC(17) Eden regions: 608->0(609)
[2021-10-14T17:55:25.241+0530][gc,heap     ] GC(17) Survivor regions: 6->5(77)
[2021-10-14T17:55:25.241+0530][gc,heap     ] GC(17) Old regions: 12->12
[2021-10-14T17:55:25.241+0530][gc,heap     ] GC(17) Archive regions: 2->2
[2021-10-14T17:55:25.241+0530][gc,heap     ] GC(17) Humongous regions: 129->129
[2021-10-14T17:55:25.241+0530][gc,metaspace] GC(17) Metaspace: 36395K(36800K)->36395K(36800K) NonClass: 32397K(32640K)->32397K(32640K) Class: 3997K(4160K)->3997K(4160K)
[2021-10-14T17:55:25.241+0530][gc          ] GC(17) Pause Young (Normal) (G1 Evacuation Pause) 754M->146M(1024M) 21.469ms
[2021-10-14T17:55:25.241+0530][gc,cpu      ] GC(17) User=0.03s Sys=0.01s Real=0.02s
[2021-10-14T20:17:57.862+0530][gc,start    ] GC(18) Pause Young (Normal) (G1 Evacuation Pause)
[2021-10-14T20:17:57.862+0530][gc,task     ] GC(18) Using 13 workers of 13 for evacuation
[2021-10-14T20:17:57.873+0530][gc,phases   ] GC(18)   Pre Evacuate Collection Set: 0.5ms
[2021-10-14T20:17:57.874+0530][gc,phases   ] GC(18)   Merge Heap Roots: 0.5ms
[2021-10-14T20:17:57.874+0530][gc,phases   ] GC(18)   Evacuate Collection Set: 7.3ms
[2021-10-14T20:17:57.874+0530][gc,phases   ] GC(18)   Post Evacuate Collection Set: 2.8ms
[2021-10-14T20:17:57.874+0530][gc,phases   ] GC(18)   Other: 0.7ms
[2021-10-14T20:17:57.874+0530][gc,heap     ] GC(18) Eden regions: 609->0(609)
[2021-10-14T20:17:57.874+0530][gc,heap     ] GC(18) Survivor regions: 5->5(77)
[2021-10-14T20:17:57.874+0530][gc,heap     ] GC(18) Old regions: 12->12
[2021-10-14T20:17:57.874+0530][gc,heap     ] GC(18) Archive regions: 2->2
[2021-10-14T20:17:57.874+0530][gc,heap     ] GC(18) Humongous regions: 129->129
[2021-10-14T20:17:57.875+0530][gc,metaspace] GC(18) Metaspace: 36399K(36800K)->36399K(36800K) NonClass: 32401K(32640K)->32401K(32640K) Class: 3998K(4160K)->3998K(4160K)
[2021-10-14T20:17:57.875+0530][gc          ] GC(18) Pause Young (Normal) (G1 Evacuation Pause) 755M->146M(1024M) 12.939ms
[2021-10-14T20:17:57.875+0530][gc,cpu      ] GC(18) User=0.08s Sys=0.01s Real=0.01s
[2021-10-14T22:43:36.091+0530][gc,start    ] GC(19) Pause Young (Normal) (G1 Evacuation Pause)
[2021-10-14T22:43:36.091+0530][gc,task     ] GC(19) Using 13 workers of 13 for evacuation
[2021-10-14T22:43:36.101+0530][gc,phases   ] GC(19)   Pre Evacuate Collection Set: 0.3ms
[2021-10-14T22:43:36.102+0530][gc,phases   ] GC(19)   Merge Heap Roots: 0.4ms
[2021-10-14T22:43:36.102+0530][gc,phases   ] GC(19)   Evacuate Collection Set: 7.1ms
[2021-10-14T22:43:36.102+0530][gc,phases   ] GC(19)   Post Evacuate Collection Set: 2.3ms
[2021-10-14T22:43:36.102+0530][gc,phases   ] GC(19)   Other: 0.5ms
[2021-10-14T22:43:36.102+0530][gc,heap     ] GC(19) Eden regions: 609->0(609)
[2021-10-14T22:43:36.102+0530][gc,heap     ] GC(19) Survivor regions: 5->5(77)
[2021-10-14T22:43:36.102+0530][gc,heap     ] GC(19) Old regions: 12->12
[2021-10-14T22:43:36.102+0530][gc,heap     ] GC(19) Archive regions: 2->2
[2021-10-14T22:43:36.102+0530][gc,heap     ] GC(19) Humongous regions: 129->129
[2021-10-14T22:43:36.102+0530][gc,metaspace] GC(19) Metaspace: 36399K(36800K)->36399K(36800K) NonClass: 32401K(32640K)->32401K(32640K) Class: 3998K(4160K)->3998K(4160K)
[2021-10-14T22:43:36.102+0530][gc          ] GC(19) Pause Young (Normal) (G1 Evacuation Pause) 755M->146M(1024M) 11.095ms
[2021-10-14T22:43:36.102+0530][gc,cpu      ] GC(19) User=0.08s Sys=0.01s Real=0.01s
[2021-10-19T07:52:00.041+0530][gc,start    ] GC(20) Pause Young (Normal) (G1 Evacuation Pause)
[2021-10-19T07:52:00.042+0530][gc,task     ] GC(20) Using 13 workers of 13 for evacuation
[2021-10-19T07:52:00.069+0530][gc,mmu      ] GC(20) MMU target violated: 21.0ms (20.0ms/21.0ms)
[2021-10-19T07:52:00.069+0530][gc,phases   ] GC(20)   Pre Evacuate Collection Set: 1.7ms
[2021-10-19T07:52:00.069+0530][gc,phases   ] GC(20)   Merge Heap Roots: 0.5ms
[2021-10-19T07:52:00.069+0530][gc,phases   ] GC(20)   Evacuate Collection Set: 23.5ms
[2021-10-19T07:52:00.070+0530][gc,phases   ] GC(20)   Post Evacuate Collection Set: 1.0ms
[2021-10-19T07:52:00.070+0530][gc,phases   ] GC(20)   Other: 1.5ms
[2021-10-19T07:52:00.070+0530][gc,heap     ] GC(20) Eden regions: 609->0(282)
[2021-10-19T07:52:00.070+0530][gc,heap     ] GC(20) Survivor regions: 5->5(77)
[2021-10-19T07:52:00.070+0530][gc,heap     ] GC(20) Old regions: 12->13
[2021-10-19T07:52:00.070+0530][gc,heap     ] GC(20) Archive regions: 2->2
[2021-10-19T07:52:00.070+0530][gc,heap     ] GC(20) Humongous regions: 129->129
[2021-10-19T07:52:00.070+0530][gc,metaspace] GC(20) Metaspace: 36653K(37056K)->36653K(37056K) NonClass: 32609K(32832K)->32609K(32832K) Class: 4043K(4224K)->4043K(4224K)
[2021-10-19T07:52:00.070+0530][gc          ] GC(20) Pause Young (Normal) (G1 Evacuation Pause) 755M->146M(1024M) 28.142ms
[2021-10-19T07:52:00.070+0530][gc,cpu      ] GC(20) User=0.03s Sys=0.18s Real=0.03s
[2021-10-19T10:31:48.049+0530][gc,start    ] GC(21) Pause Young (Normal) (G1 Evacuation Pause)
[2021-10-19T10:31:48.050+0530][gc,task     ] GC(21) Using 13 workers of 13 for evacuation
[2021-10-19T10:31:48.062+0530][gc,phases   ] GC(21)   Pre Evacuate Collection Set: 0.2ms
[2021-10-19T10:31:48.062+0530][gc,phases   ] GC(21)   Merge Heap Roots: 0.2ms
[2021-10-19T10:31:48.062+0530][gc,phases   ] GC(21)   Evacuate Collection Set: 11.2ms
[2021-10-19T10:31:48.062+0530][gc,phases   ] GC(21)   Post Evacuate Collection Set: 0.7ms
[2021-10-19T10:31:48.062+0530][gc,phases   ] GC(21)   Other: 1.0ms
[2021-10-19T10:31:48.062+0530][gc,heap     ] GC(21) Eden regions: 282->0(291)
[2021-10-19T10:31:48.062+0530][gc,heap     ] GC(21) Survivor regions: 5->5(36)
[2021-10-19T10:31:48.062+0530][gc,heap     ] GC(21) Old regions: 13->13
[2021-10-19T10:31:48.062+0530][gc,heap     ] GC(21) Archive regions: 2->2
[2021-10-19T10:31:48.062+0530][gc,heap     ] GC(21) Humongous regions: 129->129
[2021-10-19T10:31:48.062+0530][gc,metaspace] GC(21) Metaspace: 36702K(37120K)->36702K(37120K) NonClass: 32659K(32896K)->32659K(32896K) Class: 4043K(4224K)->4043K(4224K)
[2021-10-19T10:31:48.062+0530][gc          ] GC(21) Pause Young (Normal) (G1 Evacuation Pause) 428M->146M(1024M) 13.404ms
[2021-10-19T10:31:48.062+0530][gc,cpu      ] GC(21) User=0.03s Sys=0.07s Real=0.02s
[2021-10-19T17:30:19.715+0530][gc,start    ] GC(22) Pause Young (Normal) (G1 Evacuation Pause)
[2021-10-19T17:30:19.716+0530][gc,task     ] GC(22) Using 13 workers of 13 for evacuation
[2021-10-19T17:30:19.727+0530][gc,phases   ] GC(22)   Pre Evacuate Collection Set: 0.2ms
[2021-10-19T17:30:19.727+0530][gc,phases   ] GC(22)   Merge Heap Roots: 0.1ms
[2021-10-19T17:30:19.727+0530][gc,phases   ] GC(22)   Evacuate Collection Set: 9.2ms
[2021-10-19T17:30:19.727+0530][gc,phases   ] GC(22)   Post Evacuate Collection Set: 0.5ms
[2021-10-19T17:30:19.727+0530][gc,phases   ] GC(22)   Other: 1.1ms
[2021-10-19T17:30:19.727+0530][gc,heap     ] GC(22) Eden regions: 291->0(610)
[2021-10-19T17:30:19.727+0530][gc,heap     ] GC(22) Survivor regions: 5->4(37)
[2021-10-19T17:30:19.727+0530][gc,heap     ] GC(22) Old regions: 13->13
[2021-10-19T17:30:19.727+0530][gc,heap     ] GC(22) Archive regions: 2->2
[2021-10-19T17:30:19.727+0530][gc,heap     ] GC(22) Humongous regions: 129->129
[2021-10-19T17:30:19.727+0530][gc,metaspace] GC(22) Metaspace: 36710K(37120K)->36710K(37120K) NonClass: 32667K(32896K)->32667K(32896K) Class: 4043K(4224K)->4043K(4224K)
[2021-10-19T17:30:19.727+0530][gc          ] GC(22) Pause Young (Normal) (G1 Evacuation Pause) 437M->146M(1024M) 11.315ms
[2021-10-19T17:30:19.727+0530][gc,cpu      ] GC(22) User=0.02s Sys=0.05s Real=0.01s
[2021-10-20T12:35:26.655+0530][gc,start    ] GC(23) Pause Young (Normal) (G1 Evacuation Pause)
[2021-10-20T12:35:26.656+0530][gc,task     ] GC(23) Using 13 workers of 13 for evacuation
[2021-10-20T12:35:26.668+0530][gc,phases   ] GC(23)   Pre Evacuate Collection Set: 2.0ms
[2021-10-20T12:35:26.668+0530][gc,phases   ] GC(23)   Merge Heap Roots: 0.6ms
[2021-10-20T12:35:26.668+0530][gc,phases   ] GC(23)   Evacuate Collection Set: 8.5ms
[2021-10-20T12:35:26.668+0530][gc,phases   ] GC(23)   Post Evacuate Collection Set: 0.9ms
[2021-10-20T12:35:26.668+0530][gc,phases   ] GC(23)   Other: 1.8ms
[2021-10-20T12:35:26.668+0530][gc,heap     ] GC(23) Eden regions: 610->0(610)
[2021-10-20T12:35:26.668+0530][gc,heap     ] GC(23) Survivor regions: 4->4(77)
[2021-10-20T12:35:26.668+0530][gc,heap     ] GC(23) Old regions: 13->13
[2021-10-20T12:35:26.668+0530][gc,heap     ] GC(23) Archive regions: 2->2
[2021-10-20T12:35:26.668+0530][gc,heap     ] GC(23) Humongous regions: 129->129
[2021-10-20T12:35:26.669+0530][gc,metaspace] GC(23) Metaspace: 36724K(37184K)->36724K(37184K) NonClass: 32680K(32960K)->32680K(32960K) Class: 4043K(4224K)->4043K(4224K)
[2021-10-20T12:35:26.669+0530][gc          ] GC(23) Pause Young (Normal) (G1 Evacuation Pause) 756M->146M(1024M) 13.846ms
[2021-10-20T12:35:26.669+0530][gc,cpu      ] GC(23) User=0.03s Sys=0.06s Real=0.01s
