[2021-10-13T21:36:48.996+0530][gc] Using G1
[2021-10-13T21:36:49.001+0530][gc,init] Version: 17+35-2724 (release)
[2021-10-13T21:36:49.001+0530][gc,init] CPUs: 16 total, 16 available
[2021-10-13T21:36:49.001+0530][gc,init] Memory: 32768M
[2021-10-13T21:36:49.001+0530][gc,init] Large Page Support: Disabled
[2021-10-13T21:36:49.001+0530][gc,init] NUMA Support: Disabled
[2021-10-13T21:36:49.001+0530][gc,init] Compressed Oops: Enabled (Zero based)
[2021-10-13T21:36:49.001+0530][gc,init] Heap Region Size: 1M
[2021-10-13T21:36:49.001+0530][gc,init] Heap Min Capacity: 1G
[2021-10-13T21:36:49.001+0530][gc,init] Heap Initial Capacity: 1G
[2021-10-13T21:36:49.001+0530][gc,init] Heap Max Capacity: 1G
[2021-10-13T21:36:49.002+0530][gc,init] Pre-touch: Disabled
[2021-10-13T21:36:49.002+0530][gc,init] Parallel Workers: 13
[2021-10-13T21:36:49.002+0530][gc,init] Concurrent Workers: 3
[2021-10-13T21:36:49.002+0530][gc,init] Concurrent Refinement Workers: 13
[2021-10-13T21:36:49.002+0530][gc,init] Periodic GC: Disabled
[2021-10-13T21:36:49.002+0530][gc,metaspace] CDS archive(s) mapped at: [0x0000000800000000-0x0000000800bd0000-0x0000000800bd0000), size 12386304, SharedBaseAddress: 0x0000000800000000, ArchiveRelocationMode: 0.
[2021-10-13T21:36:49.002+0530][gc,metaspace] Compressed class space mapped at: 0x0000000800c00000-0x0000000840c00000, reserved size: 1073741824
[2021-10-13T21:36:49.002+0530][gc,metaspace] Narrow klass base: 0x0000000800000000, Narrow klass shift: 0, Narrow klass range: 0x100000000
[2021-10-13T21:36:49.783+0530][gc,start    ] GC(0) Pause Young (Normal) (GCLocker Initiated GC)
[2021-10-13T21:36:49.783+0530][gc,task     ] GC(0) Using 13 workers of 13 for evacuation
[2021-10-13T21:36:49.787+0530][gc,phases   ] GC(0)   Pre Evacuate Collection Set: 0.1ms
[2021-10-13T21:36:49.787+0530][gc,phases   ] GC(0)   Merge Heap Roots: 0.1ms
[2021-10-13T21:36:49.787+0530][gc,phases   ] GC(0)   Evacuate Collection Set: 2.6ms
[2021-10-13T21:36:49.787+0530][gc,phases   ] GC(0)   Post Evacuate Collection Set: 0.4ms
[2021-10-13T21:36:49.787+0530][gc,phases   ] GC(0)   Other: 0.7ms
[2021-10-13T21:36:49.787+0530][gc,heap     ] GC(0) Eden regions: 51->0(44)
[2021-10-13T21:36:49.787+0530][gc,heap     ] GC(0) Survivor regions: 0->7(7)
[2021-10-13T21:36:49.787+0530][gc,heap     ] GC(0) Old regions: 0->0
[2021-10-13T21:36:49.787+0530][gc,heap     ] GC(0) Archive regions: 2->2
[2021-10-13T21:36:49.787+0530][gc,heap     ] GC(0) Humongous regions: 0->0
[2021-10-13T21:36:49.787+0530][gc,metaspace] GC(0) Metaspace: 18459K(18624K)->18459K(18624K) NonClass: 16264K(16320K)->16264K(16320K) Class: 2194K(2304K)->2194K(2304K)
[2021-10-13T21:36:49.787+0530][gc          ] GC(0) Pause Young (Normal) (GCLocker Initiated GC) 51M->7M(1024M) 4.052ms
[2021-10-13T21:36:49.787+0530][gc,cpu      ] GC(0) User=0.02s Sys=0.01s Real=0.00s
[2021-10-13T21:36:49.922+0530][gc,start    ] GC(1) Pause Young (Concurrent Start) (Metadata GC Threshold)
[2021-10-13T21:36:49.922+0530][gc,task     ] GC(1) Using 13 workers of 13 for evacuation
[2021-10-13T21:36:49.927+0530][gc,phases   ] GC(1)   Pre Evacuate Collection Set: 0.1ms
[2021-10-13T21:36:49.927+0530][gc,phases   ] GC(1)   Merge Heap Roots: 0.1ms
[2021-10-13T21:36:49.927+0530][gc,phases   ] GC(1)   Evacuate Collection Set: 4.2ms
[2021-10-13T21:36:49.927+0530][gc,phases   ] GC(1)   Post Evacuate Collection Set: 0.4ms
[2021-10-13T21:36:49.927+0530][gc,phases   ] GC(1)   Other: 0.2ms
[2021-10-13T21:36:49.927+0530][gc,heap     ] GC(1) Eden regions: 11->0(49)
[2021-10-13T21:36:49.927+0530][gc,heap     ] GC(1) Survivor regions: 7->2(7)
[2021-10-13T21:36:49.927+0530][gc,heap     ] GC(1) Old regions: 0->7
[2021-10-13T21:36:49.927+0530][gc,heap     ] GC(1) Archive regions: 2->2
[2021-10-13T21:36:49.927+0530][gc,heap     ] GC(1) Humongous regions: 129->129
[2021-10-13T21:36:49.927+0530][gc,metaspace] GC(1) Metaspace: 21350K(21504K)->21350K(21504K) NonClass: 18878K(18944K)->18878K(18944K) Class: 2472K(2560K)->2472K(2560K)
[2021-10-13T21:36:49.927+0530][gc          ] GC(1) Pause Young (Concurrent Start) (Metadata GC Threshold) 147M->138M(1024M) 5.160ms
[2021-10-13T21:36:49.927+0530][gc,cpu      ] GC(1) User=0.02s Sys=0.03s Real=0.00s
[2021-10-13T21:36:49.927+0530][gc          ] GC(2) Concurrent Mark Cycle
[2021-10-13T21:36:49.927+0530][gc,marking  ] GC(2) Concurrent Clear Claimed Marks
[2021-10-13T21:36:49.927+0530][gc,marking  ] GC(2) Concurrent Clear Claimed Marks 0.013ms
[2021-10-13T21:36:49.927+0530][gc,marking  ] GC(2) Concurrent Scan Root Regions
[2021-10-13T21:36:49.929+0530][gc,marking  ] GC(2) Concurrent Scan Root Regions 1.243ms
[2021-10-13T21:36:49.929+0530][gc,marking  ] GC(2) Concurrent Mark
[2021-10-13T21:36:49.929+0530][gc,marking  ] GC(2) Concurrent Mark From Roots
[2021-10-13T21:36:49.929+0530][gc,task     ] GC(2) Using 3 workers of 3 for marking
[2021-10-13T21:36:49.930+0530][gc,marking  ] GC(2) Concurrent Mark From Roots 1.105ms
[2021-10-13T21:36:49.930+0530][gc,marking  ] GC(2) Concurrent Preclean
[2021-10-13T21:36:49.930+0530][gc,marking  ] GC(2) Concurrent Preclean 0.029ms
[2021-10-13T21:36:49.930+0530][gc,start    ] GC(2) Pause Remark
[2021-10-13T21:36:49.931+0530][gc          ] GC(2) Pause Remark 139M->139M(1024M) 1.125ms
[2021-10-13T21:36:49.931+0530][gc,cpu      ] GC(2) User=0.01s Sys=0.00s Real=0.00s
[2021-10-13T21:36:49.931+0530][gc,marking  ] GC(2) Concurrent Mark 2.432ms
[2021-10-13T21:36:49.931+0530][gc,marking  ] GC(2) Concurrent Rebuild Remembered Sets
[2021-10-13T21:36:49.932+0530][gc,marking  ] GC(2) Concurrent Rebuild Remembered Sets 1.107ms
[2021-10-13T21:36:49.932+0530][gc,start    ] GC(2) Pause Cleanup
[2021-10-13T21:36:49.932+0530][gc          ] GC(2) Pause Cleanup 139M->139M(1024M) 0.145ms
[2021-10-13T21:36:49.932+0530][gc,cpu      ] GC(2) User=0.00s Sys=0.00s Real=0.00s
[2021-10-13T21:36:49.932+0530][gc,marking  ] GC(2) Concurrent Cleanup for Next Mark
[2021-10-13T21:36:49.935+0530][gc,marking  ] GC(2) Concurrent Cleanup for Next Mark 2.877ms
[2021-10-13T21:36:49.935+0530][gc          ] GC(2) Concurrent Mark Cycle 8.057ms
[2021-10-13T21:39:45.773+0530][gc,start    ] GC(3) Pause Young (Normal) (G1 Evacuation Pause)
[2021-10-13T21:39:45.773+0530][gc,task     ] GC(3) Using 13 workers of 13 for evacuation
[2021-10-13T21:39:45.776+0530][gc,phases   ] GC(3)   Pre Evacuate Collection Set: 0.1ms
[2021-10-13T21:39:45.776+0530][gc,phases   ] GC(3)   Merge Heap Roots: 0.0ms
[2021-10-13T21:39:45.776+0530][gc,phases   ] GC(3)   Evacuate Collection Set: 2.1ms
[2021-10-13T21:39:45.776+0530][gc,phases   ] GC(3)   Post Evacuate Collection Set: 0.4ms
[2021-10-13T21:39:45.776+0530][gc,phases   ] GC(3)   Other: 0.1ms
[2021-10-13T21:39:45.776+0530][gc,heap     ] GC(3) Eden regions: 49->0(45)
[2021-10-13T21:39:45.776+0530][gc,heap     ] GC(3) Survivor regions: 2->6(7)
[2021-10-13T21:39:45.776+0530][gc,heap     ] GC(3) Old regions: 7->7
[2021-10-13T21:39:45.776+0530][gc,heap     ] GC(3) Archive regions: 2->2
[2021-10-13T21:39:45.776+0530][gc,heap     ] GC(3) Humongous regions: 129->129
[2021-10-13T21:39:45.776+0530][gc,metaspace] GC(3) Metaspace: 32395K(32704K)->32395K(32704K) NonClass: 28750K(28928K)->28750K(28928K) Class: 3645K(3776K)->3645K(3776K)
[2021-10-13T21:39:45.776+0530][gc          ] GC(3) Pause Young (Normal) (G1 Evacuation Pause) 187M->142M(1024M) 2.950ms
[2021-10-13T21:39:45.776+0530][gc,cpu      ] GC(3) User=0.02s Sys=0.00s Real=0.00s
[2021-10-13T22:27:40.640+0530][gc,start    ] GC(4) Pause Young (Normal) (G1 Evacuation Pause)
[2021-10-13T22:27:40.640+0530][gc,task     ] GC(4) Using 13 workers of 13 for evacuation
[2021-10-13T22:27:40.643+0530][gc,phases   ] GC(4)   Pre Evacuate Collection Set: 0.1ms
[2021-10-13T22:27:40.643+0530][gc,phases   ] GC(4)   Merge Heap Roots: 0.0ms
[2021-10-13T22:27:40.643+0530][gc,phases   ] GC(4)   Evacuate Collection Set: 2.6ms
[2021-10-13T22:27:40.643+0530][gc,phases   ] GC(4)   Post Evacuate Collection Set: 0.3ms
[2021-10-13T22:27:40.643+0530][gc,phases   ] GC(4)   Other: 0.1ms
[2021-10-13T22:27:40.643+0530][gc,heap     ] GC(4) Eden regions: 45->0(48)
[2021-10-13T22:27:40.643+0530][gc,heap     ] GC(4) Survivor regions: 6->3(7)
[2021-10-13T22:27:40.643+0530][gc,heap     ] GC(4) Old regions: 7->12
[2021-10-13T22:27:40.643+0530][gc,heap     ] GC(4) Archive regions: 2->2
[2021-10-13T22:27:40.643+0530][gc,heap     ] GC(4) Humongous regions: 129->129
[2021-10-13T22:27:40.643+0530][gc,metaspace] GC(4) Metaspace: 33780K(34048K)->33780K(34048K) NonClass: 30058K(30208K)->30058K(30208K) Class: 3722K(3840K)->3722K(3840K)
[2021-10-13T22:27:40.643+0530][gc          ] GC(4) Pause Young (Normal) (G1 Evacuation Pause) 187M->144M(1024M) 3.308ms
[2021-10-13T22:27:40.643+0530][gc,cpu      ] GC(4) User=0.03s Sys=0.00s Real=0.00s
[2021-10-13T22:36:52.552+0530][gc,start    ] GC(5) Pause Young (Normal) (G1 Evacuation Pause)
[2021-10-13T22:36:52.552+0530][gc,task     ] GC(5) Using 13 workers of 13 for evacuation
[2021-10-13T22:36:52.555+0530][gc,phases   ] GC(5)   Pre Evacuate Collection Set: 0.2ms
[2021-10-13T22:36:52.555+0530][gc,phases   ] GC(5)   Merge Heap Roots: 0.1ms
[2021-10-13T22:36:52.555+0530][gc,phases   ] GC(5)   Evacuate Collection Set: 2.1ms
[2021-10-13T22:36:52.555+0530][gc,phases   ] GC(5)   Post Evacuate Collection Set: 0.5ms
[2021-10-13T22:36:52.555+0530][gc,phases   ] GC(5)   Other: 0.3ms
[2021-10-13T22:36:52.555+0530][gc,heap     ] GC(5) Eden regions: 48->0(48)
[2021-10-13T22:36:52.555+0530][gc,heap     ] GC(5) Survivor regions: 3->3(7)
[2021-10-13T22:36:52.555+0530][gc,heap     ] GC(5) Old regions: 12->12
[2021-10-13T22:36:52.555+0530][gc,heap     ] GC(5) Archive regions: 2->2
[2021-10-13T22:36:52.555+0530][gc,heap     ] GC(5) Humongous regions: 129->129
[2021-10-13T22:36:52.555+0530][gc,metaspace] GC(5) Metaspace: 33841K(34176K)->33841K(34176K) NonClass: 30116K(30336K)->30116K(30336K) Class: 3724K(3840K)->3724K(3840K)
[2021-10-13T22:36:52.555+0530][gc          ] GC(5) Pause Young (Normal) (G1 Evacuation Pause) 192M->144M(1024M) 3.393ms
[2021-10-13T22:36:52.556+0530][gc,cpu      ] GC(5) User=0.03s Sys=0.00s Real=0.00s
[2021-10-13T22:43:28.801+0530][gc,start    ] GC(6) Pause Young (Normal) (G1 Evacuation Pause)
[2021-10-13T22:43:28.801+0530][gc,task     ] GC(6) Using 13 workers of 13 for evacuation
[2021-10-13T22:43:28.803+0530][gc,phases   ] GC(6)   Pre Evacuate Collection Set: 0.1ms
[2021-10-13T22:43:28.803+0530][gc,phases   ] GC(6)   Merge Heap Roots: 0.1ms
[2021-10-13T22:43:28.803+0530][gc,phases   ] GC(6)   Evacuate Collection Set: 1.8ms
[2021-10-13T22:43:28.803+0530][gc,phases   ] GC(6)   Post Evacuate Collection Set: 0.5ms
[2021-10-13T22:43:28.803+0530][gc,phases   ] GC(6)   Other: 0.1ms
[2021-10-13T22:43:28.803+0530][gc,heap     ] GC(6) Eden regions: 48->0(47)
[2021-10-13T22:43:28.803+0530][gc,heap     ] GC(6) Survivor regions: 3->4(7)
[2021-10-13T22:43:28.803+0530][gc,heap     ] GC(6) Old regions: 12->12
[2021-10-13T22:43:28.803+0530][gc,heap     ] GC(6) Archive regions: 2->2
[2021-10-13T22:43:28.803+0530][gc,heap     ] GC(6) Humongous regions: 129->129
[2021-10-13T22:43:28.803+0530][gc,metaspace] GC(6) Metaspace: 34263K(34560K)->34263K(34560K) NonClass: 30490K(30656K)->30490K(30656K) Class: 3773K(3904K)->3773K(3904K)
[2021-10-13T22:43:28.803+0530][gc          ] GC(6) Pause Young (Normal) (G1 Evacuation Pause) 192M->145M(1024M) 2.748ms
[2021-10-13T22:43:28.803+0530][gc,cpu      ] GC(6) User=0.03s Sys=0.01s Real=0.00s
[2021-10-13T22:50:15.018+0530][gc,start    ] GC(7) Pause Young (Normal) (G1 Evacuation Pause)
[2021-10-13T22:50:15.018+0530][gc,task     ] GC(7) Using 13 workers of 13 for evacuation
[2021-10-13T22:50:15.020+0530][gc,phases   ] GC(7)   Pre Evacuate Collection Set: 0.1ms
[2021-10-13T22:50:15.020+0530][gc,phases   ] GC(7)   Merge Heap Roots: 0.1ms
[2021-10-13T22:50:15.020+0530][gc,phases   ] GC(7)   Evacuate Collection Set: 1.5ms
[2021-10-13T22:50:15.020+0530][gc,phases   ] GC(7)   Post Evacuate Collection Set: 0.5ms
[2021-10-13T22:50:15.020+0530][gc,phases   ] GC(7)   Other: 0.2ms
[2021-10-13T22:50:15.020+0530][gc,heap     ] GC(7) Eden regions: 47->0(60)
[2021-10-13T22:50:15.020+0530][gc,heap     ] GC(7) Survivor regions: 4->4(7)
[2021-10-13T22:50:15.020+0530][gc,heap     ] GC(7) Old regions: 12->12
[2021-10-13T22:50:15.020+0530][gc,heap     ] GC(7) Archive regions: 2->2
[2021-10-13T22:50:15.020+0530][gc,heap     ] GC(7) Humongous regions: 129->129
[2021-10-13T22:50:15.020+0530][gc,metaspace] GC(7) Metaspace: 34493K(34880K)->34493K(34880K) NonClass: 30703K(30912K)->30703K(30912K) Class: 3789K(3968K)->3789K(3968K)
[2021-10-13T22:50:15.020+0530][gc          ] GC(7) Pause Young (Normal) (G1 Evacuation Pause) 192M->144M(1024M) 2.548ms
[2021-10-13T22:50:15.020+0530][gc,cpu      ] GC(7) User=0.01s Sys=0.01s Real=0.01s
[2021-10-13T22:59:05.761+0530][gc,start    ] GC(8) Pause Young (Normal) (G1 Evacuation Pause)
[2021-10-13T22:59:05.761+0530][gc,task     ] GC(8) Using 13 workers of 13 for evacuation
[2021-10-13T22:59:05.765+0530][gc,phases   ] GC(8)   Pre Evacuate Collection Set: 0.3ms
[2021-10-13T22:59:05.765+0530][gc,phases   ] GC(8)   Merge Heap Roots: 0.1ms
[2021-10-13T22:59:05.765+0530][gc,phases   ] GC(8)   Evacuate Collection Set: 2.9ms
[2021-10-13T22:59:05.765+0530][gc,phases   ] GC(8)   Post Evacuate Collection Set: 0.7ms
[2021-10-13T22:59:05.765+0530][gc,phases   ] GC(8)   Other: 0.4ms
[2021-10-13T22:59:05.765+0530][gc,heap     ] GC(8) Eden regions: 60->0(254)
[2021-10-13T22:59:05.765+0530][gc,heap     ] GC(8) Survivor regions: 4->4(8)
[2021-10-13T22:59:05.765+0530][gc,heap     ] GC(8) Old regions: 12->12
[2021-10-13T22:59:05.765+0530][gc,heap     ] GC(8) Archive regions: 2->2
[2021-10-13T22:59:05.765+0530][gc,heap     ] GC(8) Humongous regions: 129->129
[2021-10-13T22:59:05.765+0530][gc,metaspace] GC(8) Metaspace: 34522K(34880K)->34522K(34880K) NonClass: 30732K(30912K)->30732K(30912K) Class: 3789K(3968K)->3789K(3968K)
[2021-10-13T22:59:05.765+0530][gc          ] GC(8) Pause Young (Normal) (G1 Evacuation Pause) 204M->145M(1024M) 4.554ms
[2021-10-13T22:59:05.765+0530][gc,cpu      ] GC(8) User=0.03s Sys=0.01s Real=0.00s
[2021-10-13T23:36:31.092+0530][gc,start    ] GC(9) Pause Young (Normal) (G1 Evacuation Pause)
[2021-10-13T23:36:31.092+0530][gc,task     ] GC(9) Using 13 workers of 13 for evacuation
[2021-10-13T23:36:31.095+0530][gc,phases   ] GC(9)   Pre Evacuate Collection Set: 0.1ms
[2021-10-13T23:36:31.095+0530][gc,phases   ] GC(9)   Merge Heap Roots: 0.1ms
[2021-10-13T23:36:31.095+0530][gc,phases   ] GC(9)   Evacuate Collection Set: 1.9ms
[2021-10-13T23:36:31.095+0530][gc,phases   ] GC(9)   Post Evacuate Collection Set: 0.6ms
[2021-10-13T23:36:31.095+0530][gc,phases   ] GC(9)   Other: 0.3ms
[2021-10-13T23:36:31.095+0530][gc,heap     ] GC(9) Eden regions: 254->0(599)
[2021-10-13T23:36:31.095+0530][gc,heap     ] GC(9) Survivor regions: 4->3(33)
[2021-10-13T23:36:31.095+0530][gc,heap     ] GC(9) Old regions: 12->12
[2021-10-13T23:36:31.095+0530][gc,heap     ] GC(9) Archive regions: 2->2
[2021-10-13T23:36:31.095+0530][gc,heap     ] GC(9) Humongous regions: 129->129
[2021-10-13T23:36:31.095+0530][gc,metaspace] GC(9) Metaspace: 34984K(35392K)->34984K(35392K) NonClass: 31131K(31360K)->31131K(31360K) Class: 3852K(4032K)->3852K(4032K)
[2021-10-13T23:36:31.095+0530][gc          ] GC(9) Pause Young (Normal) (G1 Evacuation Pause) 399M->144M(1024M) 3.157ms
[2021-10-13T23:36:31.095+0530][gc,cpu      ] GC(9) User=0.02s Sys=0.00s Real=0.00s
[2021-10-14T08:45:20.672+0530][gc,start    ] GC(10) Pause Young (Normal) (G1 Evacuation Pause)
[2021-10-14T08:45:20.673+0530][gc,task     ] GC(10) Using 13 workers of 13 for evacuation
[2021-10-14T08:45:20.678+0530][gc,phases   ] GC(10)   Pre Evacuate Collection Set: 0.2ms
[2021-10-14T08:45:20.678+0530][gc,phases   ] GC(10)   Merge Heap Roots: 0.2ms
[2021-10-14T08:45:20.678+0530][gc,phases   ] GC(10)   Evacuate Collection Set: 3.6ms
[2021-10-14T08:45:20.678+0530][gc,phases   ] GC(10)   Post Evacuate Collection Set: 0.7ms
[2021-10-14T08:45:20.678+0530][gc,phases   ] GC(10)   Other: 1.5ms
[2021-10-14T08:45:20.678+0530][gc,heap     ] GC(10) Eden regions: 599->0(610)
[2021-10-14T08:45:20.678+0530][gc,heap     ] GC(10) Survivor regions: 3->4(76)
[2021-10-14T08:45:20.678+0530][gc,heap     ] GC(10) Old regions: 12->12
[2021-10-14T08:45:20.678+0530][gc,heap     ] GC(10) Archive regions: 2->2
[2021-10-14T08:45:20.678+0530][gc,heap     ] GC(10) Humongous regions: 129->129
[2021-10-14T08:45:20.678+0530][gc,metaspace] GC(10) Metaspace: 35096K(35520K)->35096K(35520K) NonClass: 31243K(31488K)->31243K(31488K) Class: 3853K(4032K)->3853K(4032K)
[2021-10-14T08:45:20.678+0530][gc          ] GC(10) Pause Young (Normal) (G1 Evacuation Pause) 743M->145M(1024M) 6.493ms
[2021-10-14T08:45:20.678+0530][gc,cpu      ] GC(10) User=0.04s Sys=0.01s Real=0.00s
[2021-10-14T11:02:50.507+0530][gc,start    ] GC(11) Pause Young (Normal) (G1 Evacuation Pause)
[2021-10-14T11:02:50.507+0530][gc,task     ] GC(11) Using 13 workers of 13 for evacuation
[2021-10-14T11:02:50.514+0530][gc,phases   ] GC(11)   Pre Evacuate Collection Set: 0.2ms
[2021-10-14T11:02:50.514+0530][gc,phases   ] GC(11)   Merge Heap Roots: 0.2ms
[2021-10-14T11:02:50.514+0530][gc,phases   ] GC(11)   Evacuate Collection Set: 5.6ms
[2021-10-14T11:02:50.514+0530][gc,phases   ] GC(11)   Post Evacuate Collection Set: 0.8ms
[2021-10-14T11:02:50.514+0530][gc,phases   ] GC(11)   Other: 0.7ms
[2021-10-14T11:02:50.514+0530][gc,heap     ] GC(11) Eden regions: 610->0(610)
[2021-10-14T11:02:50.514+0530][gc,heap     ] GC(11) Survivor regions: 4->4(77)
[2021-10-14T11:02:50.514+0530][gc,heap     ] GC(11) Old regions: 12->12
[2021-10-14T11:02:50.514+0530][gc,heap     ] GC(11) Archive regions: 2->2
[2021-10-14T11:02:50.514+0530][gc,heap     ] GC(11) Humongous regions: 129->129
[2021-10-14T11:02:50.514+0530][gc,metaspace] GC(11) Metaspace: 35137K(35520K)->35137K(35520K) NonClass: 31284K(31488K)->31284K(31488K) Class: 3853K(4032K)->3853K(4032K)
[2021-10-14T11:02:50.514+0530][gc          ] GC(11) Pause Young (Normal) (G1 Evacuation Pause) 755M->145M(1024M) 7.590ms
[2021-10-14T11:02:50.514+0530][gc,cpu      ] GC(11) User=0.03s Sys=0.03s Real=0.01s
[2021-10-14T11:33:00.777+0530][gc,start    ] GC(12) Pause Young (Concurrent Start) (Metadata GC Threshold)
[2021-10-14T11:33:00.778+0530][gc,task     ] GC(12) Using 13 workers of 13 for evacuation
[2021-10-14T11:33:00.780+0530][gc,phases   ] GC(12)   Pre Evacuate Collection Set: 0.1ms
[2021-10-14T11:33:00.780+0530][gc,phases   ] GC(12)   Merge Heap Roots: 0.1ms
[2021-10-14T11:33:00.780+0530][gc,phases   ] GC(12)   Evacuate Collection Set: 1.9ms
[2021-10-14T11:33:00.780+0530][gc,phases   ] GC(12)   Post Evacuate Collection Set: 0.5ms
[2021-10-14T11:33:00.780+0530][gc,phases   ] GC(12)   Other: 0.8ms
[2021-10-14T11:33:00.780+0530][gc,heap     ] GC(12) Eden regions: 163->0(610)
[2021-10-14T11:33:00.780+0530][gc,heap     ] GC(12) Survivor regions: 4->4(77)
[2021-10-14T11:33:00.780+0530][gc,heap     ] GC(12) Old regions: 12->12
[2021-10-14T11:33:00.780+0530][gc,heap     ] GC(12) Archive regions: 2->2
[2021-10-14T11:33:00.780+0530][gc,heap     ] GC(12) Humongous regions: 129->129
[2021-10-14T11:33:00.780+0530][gc,metaspace] GC(12) Metaspace: 35679K(36096K)->35679K(36096K) NonClass: 31727K(31936K)->31727K(31936K) Class: 3952K(4160K)->3952K(4160K)
[2021-10-14T11:33:00.780+0530][gc          ] GC(12) Pause Young (Concurrent Start) (Metadata GC Threshold) 308M->145M(1024M) 3.402ms
[2021-10-14T11:33:00.781+0530][gc,cpu      ] GC(12) User=0.02s Sys=0.00s Real=0.01s
[2021-10-14T11:33:00.781+0530][gc          ] GC(13) Concurrent Mark Cycle
[2021-10-14T11:33:00.781+0530][gc,marking  ] GC(13) Concurrent Clear Claimed Marks
[2021-10-14T11:33:00.781+0530][gc,marking  ] GC(13) Concurrent Clear Claimed Marks 0.033ms
[2021-10-14T11:33:00.781+0530][gc,marking  ] GC(13) Concurrent Scan Root Regions
[2021-10-14T11:33:00.782+0530][gc,marking  ] GC(13) Concurrent Scan Root Regions 1.360ms
[2021-10-14T11:33:00.782+0530][gc,marking  ] GC(13) Concurrent Mark
[2021-10-14T11:33:00.782+0530][gc,marking  ] GC(13) Concurrent Mark From Roots
[2021-10-14T11:33:00.782+0530][gc,task     ] GC(13) Using 3 workers of 3 for marking
[2021-10-14T11:33:00.790+0530][gc,marking  ] GC(13) Concurrent Mark From Roots 7.806ms
[2021-10-14T11:33:00.790+0530][gc,marking  ] GC(13) Concurrent Preclean
[2021-10-14T11:33:00.790+0530][gc,marking  ] GC(13) Concurrent Preclean 0.198ms
[2021-10-14T11:33:00.790+0530][gc,start    ] GC(13) Pause Remark
[2021-10-14T11:33:00.795+0530][gc          ] GC(13) Pause Remark 147M->147M(1024M) 5.221ms
[2021-10-14T11:33:00.795+0530][gc,cpu      ] GC(13) User=0.03s Sys=0.02s Real=0.00s
[2021-10-14T11:33:00.796+0530][gc,marking  ] GC(13) Concurrent Mark 13.475ms
[2021-10-14T11:33:00.796+0530][gc,marking  ] GC(13) Concurrent Rebuild Remembered Sets
[2021-10-14T11:33:00.799+0530][gc,marking  ] GC(13) Concurrent Rebuild Remembered Sets 2.964ms
[2021-10-14T11:33:00.799+0530][gc,start    ] GC(13) Pause Cleanup
[2021-10-14T11:33:00.799+0530][gc          ] GC(13) Pause Cleanup 147M->147M(1024M) 0.109ms
[2021-10-14T11:33:00.799+0530][gc,cpu      ] GC(13) User=0.00s Sys=0.00s Real=0.00s
[2021-10-14T11:33:00.799+0530][gc,marking  ] GC(13) Concurrent Cleanup for Next Mark
[2021-10-14T11:33:00.802+0530][gc,marking  ] GC(13) Concurrent Cleanup for Next Mark 3.730ms
[2021-10-14T11:33:00.803+0530][gc          ] GC(13) Concurrent Mark Cycle 21.949ms
[2021-10-14T13:43:25.710+0530][gc,start    ] GC(14) Pause Young (Normal) (G1 Evacuation Pause)
[2021-10-14T13:43:25.710+0530][gc,task     ] GC(14) Using 13 workers of 13 for evacuation
[2021-10-14T13:43:25.721+0530][gc,phases   ] GC(14)   Pre Evacuate Collection Set: 0.3ms
[2021-10-14T13:43:25.722+0530][gc,phases   ] GC(14)   Merge Heap Roots: 0.4ms
[2021-10-14T13:43:25.722+0530][gc,phases   ] GC(14)   Evacuate Collection Set: 7.9ms
[2021-10-14T13:43:25.722+0530][gc,phases   ] GC(14)   Post Evacuate Collection Set: 2.0ms
[2021-10-14T13:43:25.722+0530][gc,phases   ] GC(14)   Other: 0.9ms
[2021-10-14T13:43:25.722+0530][gc,heap     ] GC(14) Eden regions: 610->0(608)
[2021-10-14T13:43:25.722+0530][gc,heap     ] GC(14) Survivor regions: 4->6(77)
[2021-10-14T13:43:25.722+0530][gc,heap     ] GC(14) Old regions: 12->12
[2021-10-14T13:43:25.722+0530][gc,heap     ] GC(14) Archive regions: 2->2
[2021-10-14T13:43:25.722+0530][gc,heap     ] GC(14) Humongous regions: 129->129
[2021-10-14T13:43:25.722+0530][gc,metaspace] GC(14) Metaspace: 36336K(36736K)->36336K(36736K) NonClass: 32340K(32576K)->32340K(32576K) Class: 3995K(4160K)->3995K(4160K)
[2021-10-14T13:43:25.722+0530][gc          ] GC(14) Pause Young (Normal) (G1 Evacuation Pause) 755M->147M(1024M) 11.987ms
[2021-10-14T13:43:25.722+0530][gc,cpu      ] GC(14) User=0.09s Sys=0.01s Real=0.01s
[2021-10-14T15:52:02.118+0530][gc,start    ] GC(15) Pause Young (Normal) (G1 Evacuation Pause)
[2021-10-14T15:52:02.119+0530][gc,task     ] GC(15) Using 13 workers of 13 for evacuation
[2021-10-14T15:52:02.124+0530][gc,phases   ] GC(15)   Pre Evacuate Collection Set: 0.2ms
[2021-10-14T15:52:02.124+0530][gc,phases   ] GC(15)   Merge Heap Roots: 0.3ms
[2021-10-14T15:52:02.124+0530][gc,phases   ] GC(15)   Evacuate Collection Set: 4.1ms
[2021-10-14T15:52:02.124+0530][gc,phases   ] GC(15)   Post Evacuate Collection Set: 0.7ms
[2021-10-14T15:52:02.124+0530][gc,phases   ] GC(15)   Other: 1.3ms
[2021-10-14T15:52:02.124+0530][gc,heap     ] GC(15) Eden regions: 608->0(609)
[2021-10-14T15:52:02.124+0530][gc,heap     ] GC(15) Survivor regions: 6->5(77)
[2021-10-14T15:52:02.124+0530][gc,heap     ] GC(15) Old regions: 12->12
[2021-10-14T15:52:02.124+0530][gc,heap     ] GC(15) Archive regions: 2->2
[2021-10-14T15:52:02.124+0530][gc,heap     ] GC(15) Humongous regions: 129->129
[2021-10-14T15:52:02.124+0530][gc,metaspace] GC(15) Metaspace: 36407K(36800K)->36407K(36800K) NonClass: 32411K(32640K)->32411K(32640K) Class: 3995K(4160K)->3995K(4160K)
[2021-10-14T15:52:02.124+0530][gc          ] GC(15) Pause Young (Normal) (G1 Evacuation Pause) 755M->146M(1024M) 6.769ms
[2021-10-14T15:52:02.124+0530][gc,cpu      ] GC(15) User=0.03s Sys=0.02s Real=0.01s
[2021-10-14T17:16:35.605+0530][gc,start    ] GC(16) Pause Young (Normal) (G1 Evacuation Pause)
[2021-10-14T17:16:35.606+0530][gc,task     ] GC(16) Using 13 workers of 13 for evacuation
[2021-10-14T17:16:35.612+0530][gc,phases   ] GC(16)   Pre Evacuate Collection Set: 0.2ms
[2021-10-14T17:16:35.612+0530][gc,phases   ] GC(16)   Merge Heap Roots: 0.2ms
[2021-10-14T17:16:35.612+0530][gc,phases   ] GC(16)   Evacuate Collection Set: 3.7ms
[2021-10-14T17:16:35.612+0530][gc,phases   ] GC(16)   Post Evacuate Collection Set: 0.8ms
[2021-10-14T17:16:35.612+0530][gc,phases   ] GC(16)   Other: 1.3ms
[2021-10-14T17:16:35.612+0530][gc,heap     ] GC(16) Eden regions: 609->0(608)
[2021-10-14T17:16:35.612+0530][gc,heap     ] GC(16) Survivor regions: 5->6(77)
[2021-10-14T17:16:35.612+0530][gc,heap     ] GC(16) Old regions: 12->12
[2021-10-14T17:16:35.612+0530][gc,heap     ] GC(16) Archive regions: 2->2
[2021-10-14T17:16:35.612+0530][gc,heap     ] GC(16) Humongous regions: 129->129
[2021-10-14T17:16:35.612+0530][gc,metaspace] GC(16) Metaspace: 36424K(36800K)->36424K(36800K) NonClass: 32428K(32640K)->32428K(32640K) Class: 3995K(4160K)->3995K(4160K)
[2021-10-14T17:16:35.612+0530][gc          ] GC(16) Pause Young (Normal) (G1 Evacuation Pause) 755M->147M(1024M) 6.412ms
[2021-10-14T17:16:35.612+0530][gc,cpu      ] GC(16) User=0.04s Sys=0.00s Real=0.01s
[2021-10-14T19:11:55.243+0530][gc,start    ] GC(17) Pause Young (Normal) (G1 Evacuation Pause)
[2021-10-14T19:11:55.244+0530][gc,task     ] GC(17) Using 13 workers of 13 for evacuation
[2021-10-14T19:11:55.260+0530][gc,phases   ] GC(17)   Pre Evacuate Collection Set: 0.3ms
[2021-10-14T19:11:55.260+0530][gc,phases   ] GC(17)   Merge Heap Roots: 0.3ms
[2021-10-14T19:11:55.260+0530][gc,phases   ] GC(17)   Evacuate Collection Set: 12.7ms
[2021-10-14T19:11:55.260+0530][gc,phases   ] GC(17)   Post Evacuate Collection Set: 2.0ms
[2021-10-14T19:11:55.260+0530][gc,phases   ] GC(17)   Other: 1.6ms
[2021-10-14T19:11:55.260+0530][gc,heap     ] GC(17) Eden regions: 608->0(607)
[2021-10-14T19:11:55.260+0530][gc,heap     ] GC(17) Survivor regions: 6->7(77)
[2021-10-14T19:11:55.260+0530][gc,heap     ] GC(17) Old regions: 12->12
[2021-10-14T19:11:55.260+0530][gc,heap     ] GC(17) Archive regions: 2->2
[2021-10-14T19:11:55.260+0530][gc,heap     ] GC(17) Humongous regions: 129->129
[2021-10-14T19:11:55.261+0530][gc,metaspace] GC(17) Metaspace: 36439K(36864K)->36439K(36864K) NonClass: 32441K(32704K)->32441K(32704K) Class: 3998K(4160K)->3998K(4160K)
[2021-10-14T19:11:55.261+0530][gc          ] GC(17) Pause Young (Normal) (G1 Evacuation Pause) 755M->148M(1024M) 17.488ms
[2021-10-14T19:11:55.261+0530][gc,cpu      ] GC(17) User=0.10s Sys=0.04s Real=0.02s
[2021-10-14T21:35:49.328+0530][gc,start    ] GC(18) Pause Young (Normal) (G1 Evacuation Pause)
[2021-10-14T21:35:49.328+0530][gc,task     ] GC(18) Using 13 workers of 13 for evacuation
[2021-10-14T21:35:49.339+0530][gc,phases   ] GC(18)   Pre Evacuate Collection Set: 0.3ms
[2021-10-14T21:35:49.339+0530][gc,phases   ] GC(18)   Merge Heap Roots: 0.4ms
[2021-10-14T21:35:49.339+0530][gc,phases   ] GC(18)   Evacuate Collection Set: 7.7ms
[2021-10-14T21:35:49.339+0530][gc,phases   ] GC(18)   Post Evacuate Collection Set: 2.1ms
[2021-10-14T21:35:49.339+0530][gc,phases   ] GC(18)   Other: 0.5ms
[2021-10-14T21:35:49.339+0530][gc,heap     ] GC(18) Eden regions: 607->0(608)
[2021-10-14T21:35:49.339+0530][gc,heap     ] GC(18) Survivor regions: 7->6(77)
[2021-10-14T21:35:49.339+0530][gc,heap     ] GC(18) Old regions: 12->12
[2021-10-14T21:35:49.339+0530][gc,heap     ] GC(18) Archive regions: 2->2
[2021-10-14T21:35:49.339+0530][gc,heap     ] GC(18) Humongous regions: 129->129
[2021-10-14T21:35:49.339+0530][gc,metaspace] GC(18) Metaspace: 36443K(36864K)->36443K(36864K) NonClass: 32444K(32704K)->32444K(32704K) Class: 3998K(4160K)->3998K(4160K)
[2021-10-14T21:35:49.339+0530][gc          ] GC(18) Pause Young (Normal) (G1 Evacuation Pause) 755M->147M(1024M) 11.484ms
[2021-10-14T21:35:49.339+0530][gc,cpu      ] GC(18) User=0.10s Sys=0.00s Real=0.01s
[2021-10-15T00:29:53.766+0530][gc,start    ] GC(19) Pause Young (Normal) (G1 Evacuation Pause)
[2021-10-15T00:29:53.766+0530][gc,task     ] GC(19) Using 13 workers of 13 for evacuation
[2021-10-15T00:29:53.769+0530][gc,phases   ] GC(19)   Pre Evacuate Collection Set: 0.1ms
[2021-10-15T00:29:53.769+0530][gc,phases   ] GC(19)   Merge Heap Roots: 0.1ms
[2021-10-15T00:29:53.769+0530][gc,phases   ] GC(19)   Evacuate Collection Set: 2.1ms
[2021-10-15T00:29:53.769+0530][gc,phases   ] GC(19)   Post Evacuate Collection Set: 0.7ms
[2021-10-15T00:29:53.769+0530][gc,phases   ] GC(19)   Other: 0.4ms
[2021-10-15T00:29:53.769+0530][gc,heap     ] GC(19) Eden regions: 608->0(608)
[2021-10-15T00:29:53.770+0530][gc,heap     ] GC(19) Survivor regions: 6->6(77)
[2021-10-15T00:29:53.770+0530][gc,heap     ] GC(19) Old regions: 12->12
[2021-10-15T00:29:53.770+0530][gc,heap     ] GC(19) Archive regions: 2->2
[2021-10-15T00:29:53.770+0530][gc,heap     ] GC(19) Humongous regions: 129->129
[2021-10-15T00:29:53.770+0530][gc,metaspace] GC(19) Metaspace: 36445K(36864K)->36445K(36864K) NonClass: 32447K(32704K)->32447K(32704K) Class: 3998K(4160K)->3998K(4160K)
[2021-10-15T00:29:53.770+0530][gc          ] GC(19) Pause Young (Normal) (G1 Evacuation Pause) 755M->147M(1024M) 3.578ms
[2021-10-15T00:29:53.770+0530][gc,cpu      ] GC(19) User=0.02s Sys=0.00s Real=0.01s
[2021-10-19T11:32:44.750+0530][gc,start    ] GC(20) Pause Young (Normal) (G1 Evacuation Pause)
[2021-10-19T11:32:44.751+0530][gc,task     ] GC(20) Using 13 workers of 13 for evacuation
[2021-10-19T11:32:44.775+0530][gc,mmu      ] GC(20) MMU target violated: 21.0ms (20.0ms/21.0ms)
[2021-10-19T11:32:44.775+0530][gc,phases   ] GC(20)   Pre Evacuate Collection Set: 2.0ms
[2021-10-19T11:32:44.775+0530][gc,phases   ] GC(20)   Merge Heap Roots: 0.4ms
[2021-10-19T11:32:44.775+0530][gc,phases   ] GC(20)   Evacuate Collection Set: 20.9ms
[2021-10-19T11:32:44.775+0530][gc,phases   ] GC(20)   Post Evacuate Collection Set: 0.9ms
[2021-10-19T11:32:44.775+0530][gc,phases   ] GC(20)   Other: 1.5ms
[2021-10-19T11:32:44.775+0530][gc,heap     ] GC(20) Eden regions: 608->0(598)
[2021-10-19T11:32:44.775+0530][gc,heap     ] GC(20) Survivor regions: 6->6(77)
[2021-10-19T11:32:44.775+0530][gc,heap     ] GC(20) Old regions: 12->13
[2021-10-19T11:32:44.775+0530][gc,heap     ] GC(20) Archive regions: 2->2
[2021-10-19T11:32:44.775+0530][gc,heap     ] GC(20) Humongous regions: 129->129
[2021-10-19T11:32:44.775+0530][gc,metaspace] GC(20) Metaspace: 36727K(37120K)->36727K(37120K) NonClass: 32686K(32896K)->32686K(32896K) Class: 4040K(4224K)->4040K(4224K)
[2021-10-19T11:32:44.775+0530][gc          ] GC(20) Pause Young (Normal) (G1 Evacuation Pause) 755M->147M(1024M) 25.633ms
[2021-10-19T11:32:44.775+0530][gc,cpu      ] GC(20) User=0.03s Sys=0.14s Real=0.02s
[2021-10-20T10:17:33.677+0530][gc,start    ] GC(21) Pause Young (Normal) (G1 Evacuation Pause)
[2021-10-20T10:17:33.678+0530][gc,task     ] GC(21) Using 13 workers of 13 for evacuation
[2021-10-20T10:17:33.683+0530][gc,phases   ] GC(21)   Pre Evacuate Collection Set: 0.3ms
[2021-10-20T10:17:33.683+0530][gc,phases   ] GC(21)   Merge Heap Roots: 0.2ms
[2021-10-20T10:17:33.683+0530][gc,phases   ] GC(21)   Evacuate Collection Set: 3.2ms
[2021-10-20T10:17:33.683+0530][gc,phases   ] GC(21)   Post Evacuate Collection Set: 0.9ms
[2021-10-20T10:17:33.683+0530][gc,phases   ] GC(21)   Other: 1.2ms
[2021-10-20T10:17:33.683+0530][gc,heap     ] GC(21) Eden regions: 598->0(609)
[2021-10-20T10:17:33.683+0530][gc,heap     ] GC(21) Survivor regions: 6->5(76)
[2021-10-20T10:17:33.683+0530][gc,heap     ] GC(21) Old regions: 13->13
[2021-10-20T10:17:33.683+0530][gc,heap     ] GC(21) Archive regions: 2->2
[2021-10-20T10:17:33.683+0530][gc,heap     ] GC(21) Humongous regions: 129->129
[2021-10-20T10:17:33.683+0530][gc,metaspace] GC(21) Metaspace: 36736K(37120K)->36736K(37120K) NonClass: 32695K(32896K)->32695K(32896K) Class: 4040K(4224K)->4040K(4224K)
[2021-10-20T10:17:33.683+0530][gc          ] GC(21) Pause Young (Normal) (G1 Evacuation Pause) 745M->146M(1024M) 5.816ms
[2021-10-20T10:17:33.683+0530][gc,cpu      ] GC(21) User=0.02s Sys=0.01s Real=0.01s
[2021-10-20T17:48:00.747+0530][gc,start    ] GC(22) Pause Young (Normal) (G1 Evacuation Pause)
[2021-10-20T17:48:00.747+0530][gc,task     ] GC(22) Using 13 workers of 13 for evacuation
[2021-10-20T17:48:00.765+0530][gc,phases   ] GC(22)   Pre Evacuate Collection Set: 0.9ms
[2021-10-20T17:48:00.765+0530][gc,phases   ] GC(22)   Merge Heap Roots: 0.2ms
[2021-10-20T17:48:00.765+0530][gc,phases   ] GC(22)   Evacuate Collection Set: 14.4ms
[2021-10-20T17:48:00.765+0530][gc,phases   ] GC(22)   Post Evacuate Collection Set: 1.5ms
[2021-10-20T17:48:00.766+0530][gc,phases   ] GC(22)   Other: 1.1ms
[2021-10-20T17:48:00.766+0530][gc,heap     ] GC(22) Eden regions: 609->0(611)
[2021-10-20T17:48:00.766+0530][gc,heap     ] GC(22) Survivor regions: 5->3(77)
[2021-10-20T17:48:00.766+0530][gc,heap     ] GC(22) Old regions: 13->13
[2021-10-20T17:48:00.766+0530][gc,heap     ] GC(22) Archive regions: 2->2
[2021-10-20T17:48:00.766+0530][gc,heap     ] GC(22) Humongous regions: 129->129
[2021-10-20T17:48:00.766+0530][gc,metaspace] GC(22) Metaspace: 36751K(37184K)->36751K(37184K) NonClass: 32710K(32960K)->32710K(32960K) Class: 4040K(4224K)->4040K(4224K)
[2021-10-20T17:48:00.766+0530][gc          ] GC(22) Pause Young (Normal) (G1 Evacuation Pause) 755M->145M(1024M) 18.975ms
[2021-10-20T17:48:00.766+0530][gc,cpu      ] GC(22) User=0.03s Sys=0.10s Real=0.02s
